Component: ARM Compiler 5.06 update 6 (build 750) Tool: armlink [4d35ed]

==============================================================================

Section Cross References

    startup_stm32f407xx.o(RESET) refers to startup_stm32f407xx.o(STACK) for __initial_sp
    startup_stm32f407xx.o(RESET) refers to startup_stm32f407xx.o(.text) for Reset_Handler
    startup_stm32f407xx.o(RESET) refers to stm32f4xx_it.o(i.NMI_Handler) for NMI_Handler
    startup_stm32f407xx.o(RESET) refers to stm32f4xx_it.o(i.HardFault_Handler) for HardFault_Handler
    startup_stm32f407xx.o(RESET) refers to stm32f4xx_it.o(i.MemManage_Handler) for MemManage_Handler
    startup_stm32f407xx.o(RESET) refers to stm32f4xx_it.o(i.BusFault_Handler) for BusFault_Handler
    startup_stm32f407xx.o(RESET) refers to stm32f4xx_it.o(i.UsageFault_Handler) for UsageFault_Handler
    startup_stm32f407xx.o(RESET) refers to stm32f4xx_it.o(i.SVC_Handler) for SVC_Handler
    startup_stm32f407xx.o(RESET) refers to stm32f4xx_it.o(i.DebugMon_Handler) for DebugMon_Handler
    startup_stm32f407xx.o(RESET) refers to stm32f4xx_it.o(i.PendSV_Handler) for PendSV_Handler
    startup_stm32f407xx.o(RESET) refers to stm32f4xx_it.o(i.SysTick_Handler) for SysTick_Handler
    startup_stm32f407xx.o(RESET) refers to stm32f4xx_it.o(i.DMA1_Stream2_IRQHandler) for DMA1_Stream2_IRQHandler
    startup_stm32f407xx.o(RESET) refers to stm32f4xx_it.o(i.DMA1_Stream4_IRQHandler) for DMA1_Stream4_IRQHandler
    startup_stm32f407xx.o(RESET) refers to stm32f4xx_it.o(i.UART4_IRQHandler) for UART4_IRQHandler
    startup_stm32f407xx.o(RESET) refers to stm32f4xx_it.o(i.TIM6_DAC_IRQHandler) for TIM6_DAC_IRQHandler
    startup_stm32f407xx.o(RESET) refers to stm32f4xx_it.o(i.OTG_FS_IRQHandler) for OTG_FS_IRQHandler
    startup_stm32f407xx.o(.text) refers to system_stm32f4xx.o(i.SystemInit) for SystemInit
    startup_stm32f407xx.o(.text) refers to entry.o(.ARM.Collect$$$$00000000) for __main
    main.o(i.ENC0_GetSpeed) refers to main.o(.data) for .data
    main.o(i.HAL_UART_RxCpltCallback) refers to stm32f4xx_hal_gpio.o(i.HAL_GPIO_TogglePin) for HAL_GPIO_TogglePin
    main.o(i.HAL_UART_RxCpltCallback) refers to main.o(.data) for .data
    main.o(i.MX_GPIO_Init) refers to memseta.o(.text) for __aeabi_memclr4
    main.o(i.MX_GPIO_Init) refers to stm32f4xx_hal_gpio.o(i.HAL_GPIO_WritePin) for HAL_GPIO_WritePin
    main.o(i.MX_GPIO_Init) refers to stm32f4xx_hal_gpio.o(i.HAL_GPIO_Init) for HAL_GPIO_Init
    main.o(i.MX_TIM12_Init) refers to memseta.o(.text) for __aeabi_memclr4
    main.o(i.MX_TIM12_Init) refers to stm32f4xx_hal_tim.o(i.HAL_TIM_Base_Init) for HAL_TIM_Base_Init
    main.o(i.MX_TIM12_Init) refers to stm32f4xx_hal_tim.o(i.HAL_TIM_ConfigClockSource) for HAL_TIM_ConfigClockSource
    main.o(i.MX_TIM12_Init) refers to stm32f4xx_hal_tim.o(i.HAL_TIM_PWM_Init) for HAL_TIM_PWM_Init
    main.o(i.MX_TIM12_Init) refers to stm32f4xx_hal_tim.o(i.HAL_TIM_PWM_ConfigChannel) for HAL_TIM_PWM_ConfigChannel
    main.o(i.MX_TIM12_Init) refers to stm32f4xx_hal_msp.o(i.HAL_TIM_MspPostInit) for HAL_TIM_MspPostInit
    main.o(i.MX_TIM12_Init) refers to main.o(.bss) for .bss
    main.o(i.MX_TIM1_Init) refers to memseta.o(.text) for __aeabi_memclr4
    main.o(i.MX_TIM1_Init) refers to stm32f4xx_hal_tim.o(i.HAL_TIM_Encoder_Init) for HAL_TIM_Encoder_Init
    main.o(i.MX_TIM1_Init) refers to stm32f4xx_hal_tim_ex.o(i.HAL_TIMEx_MasterConfigSynchronization) for HAL_TIMEx_MasterConfigSynchronization
    main.o(i.MX_TIM1_Init) refers to main.o(.bss) for .bss
    main.o(i.PID_step) refers to main.o(i.ENC0_GetSpeed) for ENC0_GetSpeed
    main.o(i.PID_step) refers to dflti.o(.text) for __aeabi_i2d
    main.o(i.PID_step) refers to dmul.o(.text) for __aeabi_dmul
    main.o(i.PID_step) refers to dfltui.o(.text) for __aeabi_ui2d
    main.o(i.PID_step) refers to dadd.o(.text) for __aeabi_dsub
    main.o(i.PID_step) refers to ddiv.o(.text) for __aeabi_ddiv
    main.o(i.PID_step) refers to cdrcmple.o(.text) for __aeabi_cdrcmple
    main.o(i.PID_step) refers to cdcmple.o(.text) for __aeabi_cdcmple
    main.o(i.PID_step) refers to dfixi.o(.text) for __aeabi_d2iz
    main.o(i.PID_step) refers to main.o(i.PWM0_Set_Duty) for PWM0_Set_Duty
    main.o(i.PID_step) refers to printf6.o(i.__0sprintf$6) for __2sprintf
    main.o(i.PID_step) refers to stm32f4xx_hal_uart.o(i.HAL_UART_Transmit_DMA) for HAL_UART_Transmit_DMA
    main.o(i.PID_step) refers to main.o(.data) for .data
    main.o(i.PID_step) refers to main.o(.bss) for .bss
    main.o(i.PWM0_Set_Duty) refers to stm32f4xx_hal_gpio.o(i.HAL_GPIO_WritePin) for HAL_GPIO_WritePin
    main.o(i.SystemClock_Config) refers to memseta.o(.text) for __aeabi_memclr4
    main.o(i.SystemClock_Config) refers to stm32f4xx_hal_rcc.o(i.HAL_RCC_OscConfig) for HAL_RCC_OscConfig
    main.o(i.SystemClock_Config) refers to stm32f4xx_hal_rcc.o(i.HAL_RCC_ClockConfig) for HAL_RCC_ClockConfig
    main.o(i.main) refers to stm32f4xx_hal.o(i.HAL_Init) for HAL_Init
[...]
    SVC_Handler                              0x0800382b   Thumb Code     2  stm32f4xx_it.o(i.SVC_Handler)
    SysTick_Handler                          0x0800382d   Thumb Code    12  stm32f4xx_it.o(i.SysTick_Handler)
    SystemClock_Config                       0x0800383d   Thumb Code   124  main.o(i.SystemClock_Config)
    SystemInit                               0x080038c1   Thumb Code    66  system_stm32f4xx.o(i.SystemInit)
    TIM6_DAC_IRQHandler                      0x08003915   Thumb Code     6  stm32f4xx_it.o(i.TIM6_DAC_IRQHandler)
    TIM_Base_SetConfig                       0x08003921   Thumb Code   156  stm32f4xx_hal_tim.o(i.TIM_Base_SetConfig)
    TIM_CCxChannelCmd                        0x080039e9   Thumb Code    26  stm32f4xx_hal_tim.o(i.TIM_CCxChannelCmd)
    TIM_ETR_SetConfig                        0x08003a03   Thumb Code    20  stm32f4xx_hal_tim.o(i.TIM_ETR_SetConfig)
    TIM_OC2_SetConfig                        0x08003a89   Thumb Code    98  stm32f4xx_hal_tim.o(i.TIM_OC2_SetConfig)
    UART4_IRQHandler                         0x08003bf5   Thumb Code     6  stm32f4xx_it.o(i.UART4_IRQHandler)
    USBD_BULK_SendData                       0x08004151   Thumb Code    28  usbd_bulk.o(i.USBD_BULK_SendData)
    USBD_ClrClassConfig                      0x080041a1   Thumb Code    14  usbd_core.o(i.USBD_ClrClassConfig)
    USBD_CtlContinueRx                       0x080041af   Thumb Code    16  usbd_ioreq.o(i.USBD_CtlContinueRx)
    USBD_CtlContinueSendData                 0x080041bf   Thumb Code    16  usbd_ioreq.o(i.USBD_CtlContinueSendData)
    USBD_CtlError                            0x080041cf   Thumb Code    22  usbd_ctlreq.o(i.USBD_CtlError)
    USBD_CtlReceiveStatus                    0x080041e5   Thumb Code    22  usbd_ioreq.o(i.USBD_CtlReceiveStatus)
    USBD_CtlSendData                         0x080041fb   Thumb Code    26  usbd_ioreq.o(i.USBD_CtlSendData)
    USBD_CtlSendStatus                       0x08004215   Thumb Code    22  usbd_ioreq.o(i.USBD_CtlSendStatus)
    USBD_FS_ConfigStrDescriptor              0x0800422d   Thumb Code    16  usbd_desc.o(i.USBD_FS_ConfigStrDescriptor)
    USBD_FS_DeviceDescriptor                 0x0800424d   Thumb Code     8  usbd_desc.o(i.USBD_FS_DeviceDescriptor)
    USBD_FS_InterfaceStrDescriptor           0x08004259   Thumb Code    16  usbd_desc.o(i.USBD_FS_InterfaceStrDescriptor)
    USBD_FS_LangIDStrDescriptor              0x0800427d   Thumb Code     8  usbd_desc.o(i.USBD_FS_LangIDStrDescriptor)
    USBD_FS_ManufacturerStrDescriptor        0x08004289   Thumb Code    16  usbd_desc.o(i.USBD_FS_ManufacturerStrDescriptor)
    USBD_FS_ProductStrDescriptor             0x080042b1   Thumb Code    16  usbd_desc.o(i.USBD_FS_ProductStrDescriptor)
    USBD_FS_SerialStrDescriptor              0x080042dd   Thumb Code    48  usbd_desc.o(i.USBD_FS_SerialStrDescriptor)
    USBD_GetString                           0x080043fd   Thumb Code    72  usbd_ctlreq.o(i.USBD_GetString)
    USBD_Get_USB_Status                      0x08004445   Thumb Code    24  usbd_conf.o(i.USBD_Get_USB_Status)
    USBD_Init                                0x0800445d   Thumb Code    42  usbd_core.o(i.USBD_Init)
    USBD_LL_ClearStallEP                     0x08004487   Thumb Code    18  usbd_conf.o(i.USBD_LL_ClearStallEP)
    USBD_LL_CloseEP                          0x08004499   Thumb Code    18  usbd_conf.o(i.USBD_LL_CloseEP)
    USBD_LL_DataInStage                      0x080044ab   Thumb Code   198  usbd_core.o(i.USBD_LL_DataInStage)
    USBD_LL_DataOutStage                     0x08004571   Thumb Code   130  usbd_core.o(i.USBD_LL_DataOutStage)
    USBD_LL_DevConnected                     0x080045f3   Thumb Code     4  usbd_core.o(i.USBD_LL_DevConnected)
    USBD_LL_DevDisconnected                  0x080045f7   Thumb Code    22  usbd_core.o(i.USBD_LL_DevDisconnected)
    USBD_LL_FlushEP                          0x0800460d   Thumb Code    18  usbd_conf.o(i.USBD_LL_FlushEP)
    USBD_LL_Init                             0x08004621   Thumb Code    90  usbd_conf.o(i.USBD_LL_Init)
    USBD_LL_IsStallEP                        0x08004681   Thumb Code    32  usbd_conf.o(i.USBD_LL_IsStallEP)
    USBD_LL_IsoINIncomplete                  0x080046a1   Thumb Code     4  usbd_core.o(i.USBD_LL_IsoINIncomplete)
    USBD_LL_IsoOUTIncomplete                 0x080046a5   Thumb Code     4  usbd_core.o(i.USBD_LL_IsoOUTIncomplete)
    USBD_LL_OpenEP                           0x080046a9   Thumb Code    24  usbd_conf.o(i.USBD_LL_OpenEP)
    USBD_LL_PrepareReceive                   0x080046c1   Thumb Code    18  usbd_conf.o(i.USBD_LL_PrepareReceive)
    USBD_LL_Reset                            0x080046d3   Thumb Code    80  usbd_core.o(i.USBD_LL_Reset)
    USBD_LL_Resume                           0x08004723   Thumb Code    12  usbd_core.o(i.USBD_LL_Resume)
    USBD_LL_SOF                              0x0800472f   Thumb Code    24  usbd_core.o(i.USBD_LL_SOF)
    USBD_LL_SetSpeed                         0x08004747   Thumb Code     6  usbd_core.o(i.USBD_LL_SetSpeed)
    USBD_LL_SetUSBAddress                    0x0800474d   Thumb Code    18  usbd_conf.o(i.USBD_LL_SetUSBAddress)
    USBD_LL_SetupStage                       0x0800475f   Thumb Code    90  usbd_core.o(i.USBD_LL_SetupStage)
    USBD_LL_StallEP                          0x080047b9   Thumb Code    18  usbd_conf.o(i.USBD_LL_StallEP)
    USBD_LL_Start                            0x080047cb   Thumb Code    18  usbd_conf.o(i.USBD_LL_Start)
    USBD_LL_Suspend                          0x080047dd   Thumb Code    18  usbd_core.o(i.USBD_LL_Suspend)
    USBD_LL_Transmit                         0x080047ef   Thumb Code    18  usbd_conf.o(i.USBD_LL_Transmit)
    USBD_ParseSetupRequest                   0x08004801   Thumb Code    40  usbd_ctlreq.o(i.USBD_ParseSetupRequest)
    USBD_RegisterClass                       0x08004829   Thumb Code    16  usbd_core.o(i.USBD_RegisterClass)
    USBD_SetClassConfig                      0x08004839   Thumb Code    22  usbd_core.o(i.USBD_SetClassConfig)
    USBD_Start                               0x080048d5   Thumb Code    10  usbd_core.o(i.USBD_Start)
    USBD_StdDevReq                           0x080048df   Thumb Code   274  usbd_ctlreq.o(i.USBD_StdDevReq)
    USBD_StdEPReq                            0x080049f1   Thumb Code   336  usbd_ctlreq.o(i.USBD_StdEPReq)
    USBD_StdItfReq                           0x08004b41   Thumb Code    78  usbd_ctlreq.o(i.USBD_StdItfReq)
    USB_ActivateEndpoint                     0x08004b91   Thumb Code   122  stm32f4xx_ll_usb.o(i.USB_ActivateEndpoint)
    USB_ActivateSetup                        0x08004c11   Thumb Code    52  stm32f4xx_ll_usb.o(i.USB_ActivateSetup)
    USB_CoreInit                             0x08004c45   Thumb Code   112  stm32f4xx_ll_usb.o(i.USB_CoreInit)
    USB_DeactivateEndpoint                   0x08004cf1   Thumb Code   118  stm32f4xx_ll_usb.o(i.USB_DeactivateEndpoint)
    USB_DevConnect                           0x08004d71   Thumb Code    24  stm32f4xx_ll_usb.o(i.USB_DevConnect)
    USB_DevDisconnect                        0x08004d89   Thumb Code    24  stm32f4xx_ll_usb.o(i.USB_DevDisconnect)
    USB_DevInit                              0x08004da1   Thumb Code   378  stm32f4xx_ll_usb.o(i.USB_DevInit)
    USB_DisableGlobalInt                     0x08004f2d   Thumb Code    12  stm32f4xx_ll_usb.o(i.USB_DisableGlobalInt)
    USB_EP0StartXfer                         0x08004f39   Thumb Code   262  stm32f4xx_ll_usb.o(i.USB_EP0StartXfer)
    USB_EP0_OutStart                         0x08005045   Thumb Code    84  stm32f4xx_ll_usb.o(i.USB_EP0_OutStart)
    USB_EPClearStall                         0x0800509d   Thumb Code    88  stm32f4xx_ll_usb.o(i.USB_EPClearStall)
    USB_EPSetStall                           0x080050f5   Thumb Code    88  stm32f4xx_ll_usb.o(i.USB_EPSetStall)
    USB_EPStartXfer                          0x0800514d   Thumb Code   450  stm32f4xx_ll_usb.o(i.USB_EPStartXfer)
    USB_EnableGlobalInt                      0x08005315   Thumb Code    12  stm32f4xx_ll_usb.o(i.USB_EnableGlobalInt)
    USB_FlushRxFifo                          0x08005321   Thumb Code    28  stm32f4xx_ll_usb.o(i.USB_FlushRxFifo)
    USB_FlushTxFifo                          0x08005341   Thumb Code    32  stm32f4xx_ll_usb.o(i.USB_FlushTxFifo)
    USB_GetDevSpeed                          0x08005365   Thumb Code    26  stm32f4xx_ll_usb.o(i.USB_GetDevSpeed)
    USB_GetMode                              0x0800537f   Thumb Code     8  stm32f4xx_ll_usb.o(i.USB_GetMode)
    USB_ReadDevAllInEpInterrupt              0x08005387   Thumb Code    14  stm32f4xx_ll_usb.o(i.USB_ReadDevAllInEpInterrupt)
    USB_ReadDevAllOutEpInterrupt             0x08005395   Thumb Code    14  stm32f4xx_ll_usb.o(i.USB_ReadDevAllOutEpInterrupt)
    USB_ReadDevInEPInterrupt                 0x080053a3   Thumb Code    36  stm32f4xx_ll_usb.o(i.USB_ReadDevInEPInterrupt)
    USB_ReadDevOutEPInterrupt                0x080053c7   Thumb Code    16  stm32f4xx_ll_usb.o(i.USB_ReadDevOutEPInterrupt)
    USB_ReadInterrupts                       0x080053d7   Thumb Code     8  stm32f4xx_ll_usb.o(i.USB_ReadInterrupts)
    USB_ReadPacket                           0x080053df   Thumb Code    28  stm32f4xx_ll_usb.o(i.USB_ReadPacket)
    USB_SetCurrentMode                       0x080053fb   Thumb Code    46  stm32f4xx_ll_usb.o(i.USB_SetCurrentMode)
    USB_SetDevAddress                        0x08005429   Thumb Code    34  stm32f4xx_ll_usb.o(i.USB_SetDevAddress)
    USB_SetTurnaroundTime                    0x0800544d   Thumb Code   158  stm32f4xx_ll_usb.o(i.USB_SetTurnaroundTime)
    USB_WritePacket                          0x08005535   Thumb Code    36  stm32f4xx_ll_usb.o(i.USB_WritePacket)
    UsageFault_Handler                       0x08005559   Thumb Code     2  stm32f4xx_it.o(i.UsageFault_Handler)
    __0printf$6                              0x0800555d   Thumb Code    22  printf6.o(i.__0printf$6)
    __1printf$6                              0x0800555d   Thumb Code     0  printf6.o(i.__0printf$6)
    __2printf                                0x0800555d   Thumb Code     0  printf6.o(i.__0printf$6)
    __0sprintf$6                             0x0800557d   Thumb Code    34  printf6.o(i.__0sprintf$6)
    __1sprintf$6                             0x0800557d   Thumb Code     0  printf6.o(i.__0sprintf$6)
    __2sprintf                               0x0800557d   Thumb Code     0  printf6.o(i.__0sprintf$6)
    __scatterload_copy                       0x080055c5   Thumb Code    14  handlers.o(i.__scatterload_copy)
    __scatterload_null                       0x080055d3   Thumb Code     2  handlers.o(i.__scatterload_null)
    __scatterload_zeroinit                   0x080055d5   Thumb Code    14  handlers.o(i.__scatterload_zeroinit)
    etharp_cleanup_netif                     0x08005a8d   Thumb Code    42  etharp.o(i.etharp_cleanup_netif)
    etharp_input                             0x08005d39   Thumb Code   148  etharp.o(i.etharp_input)
    etharp_output                            0x08005e3d   Thumb Code   274  etharp.o(i.etharp_output)
    etharp_query                             0x080060f9   Thumb Code   300  etharp.o(i.etharp_query)
    etharp_request                           0x08006441   Thumb Code     6  etharp.o(i.etharp_request)
    etharp_tmr                               0x0800646d   Thumb Code    92  etharp.o(i.etharp_tmr)
    ethernet_input                           0x080065e9   Thumb Code   154  ethernet.o(i.ethernet_input)
    ethernet_output                          0x08006689   Thumb Code    98  ethernet.o(i.ethernet_output)
    ethernetif_init                          0x08006781   Thumb Code    50  ethernetif.o(i.ethernetif_init)
    ethernetif_input                         0x08006809   Thumb Code    34  ethernetif.o(i.ethernetif_input)
    fputc                                    0x0800682b   Thumb Code    18  fputc.o(i.fputc)
    icmp_dest_unreach                        0x0800683d   Thumb Code     8  icmp.o(i.icmp_dest_unreach)
    icmp_input                               0x08006845   Thumb Code   274  icmp.o(i.icmp_input)
    icmp_time_exceeded                       0x08006b35   Thumb Code     8  icmp.o(i.icmp_time_exceeded)
    ip4_addr_isbroadcast_u32                 0x08006b3d   Thumb Code    46  ip4_addr.o(i.ip4_addr_isbroadcast_u32)
    ip4_frag                                 0x08006b6d   Thumb Code   390  ip4_frag.o(i.ip4_frag)
    ip4_input                                0x08006dc1   Thumb Code   410  ip4.o(i.ip4_input)
    ip4_output_if                            0x08006f65   Thumb Code    30  ip4.o(i.ip4_output_if)
    ip4_output_if_src                        0x08006f85   Thumb Code   204  ip4.o(i.ip4_output_if_src)
    ip4_reass                                0x080070f1   Thumb Code   430  ip4_frag.o(i.ip4_reass)
    ip4_route                                0x080072a5   Thumb Code    82  ip4.o(i.ip4_route)
    ip_reass_tmr                             0x080078bd   Thumb Code    40  ip4_frag.o(i.ip_reass_tmr)
    lwip_htonl                               0x08007be5   Thumb Code     4  def.o(i.lwip_htonl)
    lwip_htons                               0x08007be9   Thumb Code     4  def.o(i.lwip_htons)
    lwip_init                                0x08007bed   Thumb Code    30  init.o(i.lwip_init)
    main                                     0x08007c0d   Thumb Code   506  main.o(i.main)
    mem_free                                 0x08007e35   Thumb Code   110  mem.o(i.mem_free)
    mem_init                                 0x08007f51   Thumb Code    42  mem.o(i.mem_init)
    mem_malloc                               0x08007f85   Thumb Code   256  mem.o(i.mem_malloc)
    mem_trim                                 0x08008181   Thumb Code   240  mem.o(i.mem_trim)
    memp_free                                0x08008305   Thumb Code    34  memp.o(i.memp_free)
    memp_init                                0x080083a1   Thumb Code    26  memp.o(i.memp_init)
    memp_init_pool                           0x080083c1   Thumb Code    42  memp.o(i.memp_init_pool)
    memp_malloc                              0x080083ed   Thumb Code    38  memp.o(i.memp_malloc)
    netif_add                                0x08008491   Thumb Code   102  netif.o(i.netif_add)
    netif_init                               0x08008571   Thumb Code     2  netif.o(i.netif_init)
    netif_set_addr                           0x0800858d   Thumb Code    72  netif.o(i.netif_set_addr)
    netif_set_default                        0x080085d5   Thumb Code     6  netif.o(i.netif_set_default)
    netif_set_down                           0x080085e1   Thumb Code    26  netif.o(i.netif_set_down)
    netif_set_gw                             0x080085fb   Thumb Code     8  netif.o(i.netif_set_gw)
    netif_set_ipaddr                         0x08008605   Thumb Code    60  netif.o(i.netif_set_ipaddr)
    netif_set_netmask                        0x08008645   Thumb Code     8  netif.o(i.netif_set_netmask)
    netif_set_up                             0x0800864d   Thumb Code    28  netif.o(i.netif_set_up)
    pbuf_alloc                               0x08008669   Thumb Code   480  pbuf.o(i.pbuf_alloc)
    pbuf_alloced_custom                      0x080089e5   Thumb Code    98  pbuf.o(i.pbuf_alloced_custom)
    pbuf_cat                                 0x08008ac5   Thumb Code    96  pbuf.o(i.pbuf_cat)
    pbuf_chain                               0x08008bf5   Thumb Code    18  pbuf.o(i.pbuf_chain)
    pbuf_clen                                0x08008c07   Thumb Code    18  pbuf.o(i.pbuf_clen)
    pbuf_copy                                0x08008c19   Thumb Code   242  pbuf.o(i.pbuf_copy)
    pbuf_copy_partial                        0x08008e05   Thumb Code   126  pbuf.o(i.pbuf_copy_partial)
    pbuf_free                                0x08008f21   Thumb Code   172  pbuf.o(i.pbuf_free)
    pbuf_free_ooseq                          0x08009085   Thumb Code    34  pbuf.o(i.pbuf_free_ooseq)
    pbuf_header                              0x080090b1   Thumb Code     6  pbuf.o(i.pbuf_header)
    pbuf_header_force                        0x080090b7   Thumb Code     6  pbuf.o(i.pbuf_header_force)
    pbuf_realloc                             0x080091e1   Thumb Code   196  pbuf.o(i.pbuf_realloc)
    pbuf_ref                                 0x08009379   Thumb Code    32  pbuf.o(i.pbuf_ref)
    sys_check_timeouts                       0x08009581   Thumb Code    80  timeouts.o(i.sys_check_timeouts)
    sys_now                                  0x080095d9   Thumb Code     4  ethernetif.o(i.sys_now)
    sys_timeout                              0x080095dd   Thumb Code   158  timeouts.o(i.sys_timeout)
    sys_timeouts_init                        0x0800971d   Thumb Code    38  timeouts.o(i.sys_timeouts_init)
    tcp_abandon                              0x08009751   Thumb Code   226  tcp.o(i.tcp_abandon)
    tcp_abort                                0x080098c5   Thumb Code     6  tcp.o(i.tcp_abort)
    tcp_accept                               0x080098cb   Thumb Code    14  tcp.o(i.tcp_accept)
    tcp_alloc                                0x080098e9   Thumb Code   240  tcp.o(i.tcp_alloc)
    tcp_arg                                  0x080099e5   Thumb Code     8  tcp.o(i.tcp_arg)
    tcp_bind                                 0x080099ed   Thumb Code   152  tcp.o(i.tcp_bind)
    tcp_close                                0x08009b11   Thumb Code    20  tcp.o(i.tcp_close)
    tcp_echoserver_init                      0x08009f3d   Thumb Code    58  tcp_echoserver.o(i.tcp_echoserver_init)
    tcp_eff_send_mss_impl                    0x0800a151   Thumb Code    34  tcp.o(i.tcp_eff_send_mss_impl)
    tcp_enqueue_flags                        0x0800a175   Thumb Code   260  tcp_out.o(i.tcp_enqueue_flags)
    tcp_err                                  0x0800a381   Thumb Code    34  tcp.o(i.tcp_err)
    tcp_fasttmr                              0x0800a425   Thumb Code   102  tcp.o(i.tcp_fasttmr)
    tcp_init                                 0x0800a4c1   Thumb Code     2  tcp.o(i.tcp_init)
    tcp_input                                0x0800a4c5   Thumb Code  1488  tcp_in.o(i.tcp_input)
    tcp_keepalive                            0x0800aad5   Thumb Code    82  tcp_out.o(i.tcp_keepalive)
    tcp_listen_with_backlog                  0x0800ada5   Thumb Code     6  tcp.o(i.tcp_listen_with_backlog)
    tcp_listen_with_backlog_and_err          0x0800adad   Thumb Code   158  tcp.o(i.tcp_listen_with_backlog_and_err)
    tcp_netif_ip_addr_changed                0x0800aed1   Thumb Code    72  tcp.o(i.tcp_netif_ip_addr_changed)
    tcp_new                                  0x0800af3f   Thumb Code     6  tcp.o(i.tcp_new)
    tcp_next_iss                             0x0800afa1   Thumb Code    12  tcp.o(i.tcp_next_iss)
    tcp_output                               0x0800b029   Thumb Code   554  tcp_out.o(i.tcp_output)
    tcp_pcb_purge                            0x0800b5f5   Thumb Code    66  tcp.o(i.tcp_pcb_purge)
    tcp_pcb_remove                           0x0800b639   Thumb Code   140  tcp.o(i.tcp_pcb_remove)
    tcp_poll                                 0x0800b769   Thumb Code    36  tcp.o(i.tcp_poll)
    tcp_process_refused_data                 0x0800bc89   Thumb Code   108  tcp.o(i.tcp_process_refused_data)
    tcp_recv                                 0x0800c715   Thumb Code    34  tcp.o(i.tcp_recv)
    tcp_recv_null                            0x0800c7b9   Thumb Code    36  tcp.o(i.tcp_recv_null)
    tcp_recved                               0x0800c7dd   Thumb Code   106  tcp.o(i.tcp_recved)
    tcp_rexmit                               0x0800c8ed   Thumb Code    86  tcp_out.o(i.tcp_rexmit)
    tcp_rexmit_fast                          0x0800c943   Thumb Code    88  tcp_out.o(i.tcp_rexmit_fast)
    tcp_rexmit_rto                           0x0800c99b   Thumb Code    50  tcp_out.o(i.tcp_rexmit_rto)
    tcp_rst                                  0x0800c9cd   Thumb Code   148  tcp_out.o(i.tcp_rst)
    tcp_seg_copy                             0x0800caed   Thumb Code    40  tcp.o(i.tcp_seg_copy)
    tcp_seg_free                             0x0800cb15   Thumb Code    28  tcp.o(i.tcp_seg_free)
    tcp_segs_free                            0x0800cb31   Thumb Code    18  tcp.o(i.tcp_segs_free)
    tcp_send_empty_ack                       0x0800cb43   Thumb Code   114  tcp_out.o(i.tcp_send_empty_ack)
    tcp_send_fin                             0x0800cbb5   Thumb Code    68  tcp_out.o(i.tcp_send_fin)
    tcp_sent                                 0x0800cbf9   Thumb Code    32  tcp.o(i.tcp_sent)
    tcp_setprio                              0x0800cc99   Thumb Code     4  tcp.o(i.tcp_setprio)
    tcp_slowtmr                              0x0800cc9d   Thumb Code   784  tcp.o(i.tcp_slowtmr)
    tcp_timer_needed                         0x0800d175   Thumb Code    36  timeouts.o(i.tcp_timer_needed)
    tcp_tmr                                  0x0800d211   Thumb Code    28  tcp.o(i.tcp_tmr)
    tcp_trigger_input_pcb_close              0x0800d231   Thumb Code    12  tcp_in.o(i.tcp_trigger_input_pcb_close)
    tcp_update_rcv_ann_wnd                   0x0800d241   Thumb Code    76  tcp.o(i.tcp_update_rcv_ann_wnd)
    tcp_write                                0x0800d301   Thumb Code  1664  tcp_out.o(i.tcp_write)
    tcp_zero_window_probe                    0x0800dac1   Thumb Code   180  tcp_out.o(i.tcp_zero_window_probe)
    udp_init                                 0x0800dbad   Thumb Code     2  udp.o(i.udp_init)
    udp_input                                0x0800dbb1   Thumb Code   294  udp.o(i.udp_input)
    udp_netif_ip_addr_changed                0x0800dd4d   Thumb Code    48  udp.o(i.udp_netif_ip_addr_changed)
    AHBPrescTable                            0x0800dd88   Data          16  system_stm32f4xx.o(.constdata)
    APBPrescTable                            0x0800dd98   Data           8  system_stm32f4xx.o(.constdata)
    ethbroadcast                             0x0800dda0   Data           6  ethernet.o(.constdata)
    ethzero                                  0x0800dda6   Data           6  ethernet.o(.constdata)
    memp_UDP_PCB                             0x0800ddac   Data          12  memp.o(.constdata)
    memp_TCP_PCB                             0x0800ddb8   Data          12  memp.o(.constdata)
    memp_TCP_PCB_LISTEN                      0x0800ddc4   Data          12  memp.o(.constdata)
    memp_TCP_SEG                             0x0800ddd0   Data          12  memp.o(.constdata)
    memp_REASSDATA                           0x0800dddc   Data          12  memp.o(.constdata)
    memp_FRAG_PBUF                           0x0800dde8   Data          12  memp.o(.constdata)
    memp_SYS_TIMEOUT                         0x0800ddf4   Data          12  memp.o(.constdata)
    memp_PBUF                                0x0800de00   Data          12  memp.o(.constdata)
    memp_PBUF_POOL                           0x0800de0c   Data          12  memp.o(.constdata)
    memp_pools                               0x0800de18   Data          36  memp.o(.constdata)
    tcp_pcb_lists                            0x0800de80   Data          16  tcp.o(.constdata)
    lwip_cyclic_timers                       0x0800de90   Data          24  timeouts.o(.constdata)
    ip_addr_any                              0x0800dea8   Data           4  ip4_addr.o(.constdata)
    Region$$Table$$Base                      0x0800dfc0   Number         0  anon$$obj.o(Region$$Table)
    Region$$Table$$Limit                     0x0800dfe0   Number         0  anon$$obj.o(Region$$Table)
    tick_flag                                0x20000000   Data           1  main.o(.data)
    UartReady                                0x20000001   Data           1  main.o(.data)
    len                                      0x20000002   Data           1  main.o(.data)
    clockTickCounter                         0x20000010   Data           4  main.o(.data)
    cPulse                                   0x20000014   Data           6  main.o(.data)
    cComStatus                               0x2000001a   Data           6  main.o(.data)
    pPart                                    0x20000020   Data           8  main.o(.data)
    iPart                                    0x20000028   Data           8  main.o(.data)
    dPart                                    0x20000030   Data           8  main.o(.data)
    Kp                                       0x20000038   Data           8  main.o(.data)
    Ki                                       0x20000040   Data           8  main.o(.data)
    Kd                                       0x20000048   Data           8  main.o(.data)
    Ts                                       0x20000050   Data           8  main.o(.data)
    predPart                                 0x20000058   Data           8  main.o(.data)
    speed                                    0x20000060   Data           8  main.o(.data)
    setpoint                                 0x20000068   Data           8  main.o(.data)
    pwm                                      0x20000070   Data           8  main.o(.data)
    e                                        0x20000078   Data           8  main.o(.data)
    udk                                      0x20000080   Data           8  main.o(.data)
    ipaddr                                   0x20000088   Data           4  lwip.o(.data)
    netmask                                  0x2000008c   Data           4  lwip.o(.data)
    gw                                       0x20000090   Data           4  lwip.o(.data)
    IP_ADDRESS                               0x20000094   Data           4  lwip.o(.data)
    NETMASK_ADDRESS                          0x20000098   Data           4  lwip.o(.data)
    GATEWAY_ADDRESS                          0x2000009c   Data           4  lwip.o(.data)
    FS_Desc                                  0x200000a0   Data          28  usbd_desc.o(.data)
    USBD_LangIDDesc                          0x200000bc   Data           4  usbd_desc.o(.data)
    USBD_FS_DeviceDesc                       0x200000c0   Data          18  usbd_desc.o(.data)
    USBD_StringSerial                        0x200000d4   Data          26  usbd_desc.o(.data)
    uwTickFreq                               0x200000f4   Data           1  stm32f4xx_hal.o(.data)
    uwTickPrio                               0x200000f8   Data           4  stm32f4xx_hal.o(.data)
    uwTick                                   0x200000fc   Data           4  stm32f4xx_hal.o(.data)
    SystemCoreClock                          0x20000100   Data           4  system_stm32f4xx.o(.data)
    netif_list                               0x20000138   Data           4  netif.o(.data)
    netif_default                            0x2000013c   Data           4  netif.o(.data)
    pbuf_free_ooseq_pending                  0x20000140   Data           1  pbuf.o(.data)
    tcp_active_pcbs_changed                  0x20000144   Data           1  tcp.o(.data)
    tcp_ticks                                0x20000150   Data           4  tcp.o(.data)
    tcp_bound_pcbs                           0x20000154   Data           4  tcp.o(.data)
    tcp_listen_pcbs                          0x20000158   Data           4  tcp.o(.data)
    tcp_active_pcbs                          0x2000015c   Data           4  tcp.o(.data)
    tcp_tw_pcbs                              0x20000160   Data           4  tcp.o(.data)
    tcp_input_pcb                            0x20000184   Data           4  tcp_in.o(.data)
    udp_pcbs                                 0x20000198   Data           4  udp.o(.data)
    USBD_BULK                                0x200001ac   Data          56  usbd_bulk.o(.data)
    __stdout                                 0x20000208   Data           4  stdout.o(.data)
    rxUsbBuffer                              0x20000210   Data          64  main.o(.bss)
    txUsbBuffer                              0x20000250   Data          64  main.o(.bss)
    txRs232Buffer                            0x20000290   Data          64  main.o(.bss)
    htim1                                    0x200002d0   Data          64  main.o(.bss)
    htim6                                    0x20000310   Data          64  main.o(.bss)
    htim12                                   0x20000350   Data          64  main.o(.bss)
    huart4                                   0x20000390   Data          64  main.o(.bss)
    cPID                                     0x200003d0   Data          32  main.o(.bss)
    hdma_uart4_tx                            0x200003f0   Data          96  main.o(.bss)
    hdma_uart4_rx                            0x20000450   Data          96  main.o(.bss)
    gnetif                                   0x200004b0   Data          48  lwip.o(.bss)
    DMARxDscrTab                             0x200004e0   Data         128  ethernetif.o(.bss)
    DMATxDscrTab                             0x20000560   Data         128  ethernetif.o(.bss)
    Rx_Buff                                  0x200005e0   Data        6096  ethernetif.o(.bss)
    Tx_Buff                                  0x20001db0   Data        6096  ethernetif.o(.bss)
    heth                                     0x20003580   Data          72  ethernetif.o(.bss)
    hUsbDeviceFS                             0x200035c8   Data         668  usb_device.o(.bss)
    hpcd_USB_OTG_FS                          0x20003864   Data        1032  usbd_conf.o(.bss)
    USBD_StrDesc                             0x20003c6c   Data         512  usbd_desc.o(.bss)
    ip_data                                  0x20003e6c   Data          24  ip.o(.bss)
    ram_heap                                 0x20003e84   Data        1619  mem.o(.bss)
    memp_memory_UDP_PCB_base                 0x200044d7   Data         131  memp.o(.bss)
    memp_memory_TCP_PCB_base                 0x2000455a   Data         763  memp.o(.bss)
    memp_memory_TCP_PCB_LISTEN_base          0x20004855   Data         227  memp.o(.bss)
    memp_memory_TCP_SEG_base                 0x20004938   Data         259  memp.o(.bss)
    memp_memory_REASSDATA_base               0x20004a3b   Data         163  memp.o(.bss)
    memp_memory_FRAG_PBUF_base               0x20004ade   Data         363  memp.o(.bss)
    memp_memory_SYS_TIMEOUT_base             0x20004c49   Data          51  memp.o(.bss)
    memp_memory_PBUF_base                    0x20004c7c   Data         259  memp.o(.bss)
    memp_memory_PBUF_POOL_base               0x20004d7f   Data        9731  memp.o(.bss)
    __initial_sp                             0x20007888   Data           0  startup_stm32f407xx.o(STACK)



==============================================================================

Memory Map of the image

  Image Entry point : 0x08000189

  Load Region LR_IROM1 (Base: 0x08000000, Size: 0x0000e1ec, Max: 0x00100000, ABSOLUTE, COMPRESSED[0x0000e07c])

    Execution Region ER_IROM1 (Exec base: 0x08000000, Load base: 0x08000000, Size: 0x0000dfe0, Max: 0x00100000, ABSOLUTE)

    Exec Addr    Load Addr    Size         Type   Attr      Idx    E Section Name        Object

    0x08000000   0x08000000   0x00000188   Data   RO            3    RESET               startup_stm32f407xx.o
    0x08000188   0x08000188   0x00000000   Code   RO         7722  * .ARM.Collect$$$$00000000  mc_w.l(entry.o)
    0x08000188   0x08000188   0x00000004   Code   RO         8044    .ARM.Collect$$$$00000001  mc_w.l(entry2.o)
    0x0800018c   0x0800018c   0x00000004   Code   RO         8047    .ARM.Collect$$$$00000004  mc_w.l(entry5.o)
    0x08000190   0x08000190   0x00000000   Code   RO         8049    .ARM.Collect$$$$00000008  mc_w.l(entry7b.o)
    0x08000190   0x08000190   0x00000000   Code   RO         8051    .ARM.Collect$$$$0000000A  mc_w.l(entry8b.o)
    0x08000190   0x08000190   0x00000008   Code   RO         8052    .ARM.Collect$$$$0000000B  mc_w.l(entry9a.o)
    0x08000198   0x08000198   0x00000000   Code   RO         8054    .ARM.Collect$$$$0000000D  mc_w.l(entry10a.o)
    0x08000198   0x08000198   0x00000000   Code   RO         8056    .ARM.Collect$$$$0000000F  mc_w.l(entry11a.o)
    0x08000198   0x08000198   0x00000004   Code   RO         8045    .ARM.Collect$$$$00002712  mc_w.l(entry2.o)
    0x0800019c   0x0800019c   0x00000024   Code   RO            4    .text               startup_stm32f407xx.o
    0x080001c0   0x080001c0   0x00000062   Code   RO         7725    .text               mc_w.l(uldiv.o)
    0x08000222   0x08000222   0x00000024   Code   RO         7727    .text               mc_w.l(memcpya.o)
    0x08000246   0x08000246   0x00000024   Code   RO         7729    .text               mc_w.l(memseta.o)
    0x0800026a   0x0800026a   0x0000001a   Code   RO         7733    .text               mc_w.l(memcmp.o)
    0x08000284   0x08000284   0x0000014e   Code   RO         8028    .text               mf_w.l(dadd.o)
    0x080003d2   0x080003d2   0x000000e4   Code   RO         8030    .text               mf_w.l(dmul.o)
    0x080004b6   0x080004b6   0x000000de   Code   RO         8032    .text               mf_w.l(ddiv.o)
    0x08000594   0x08000594   0x00000022   Code   RO         8034    .text               mf_w.l(dflti.o)
    0x080005b6   0x080005b6   0x0000001a   Code   RO         8036    .text               mf_w.l(dfltui.o)
    0x080005d0   0x080005d0   0x0000003e   Code   RO         8038    .text               mf_w.l(dfixi.o)
    0x0800060e   0x0800060e   0x00000002   PAD
    0x08000610   0x08000610   0x00000030   Code   RO         8040    .text               mf_w.l(cdcmple.o)
    0x08000640   0x08000640   0x00000030   Code   RO         8042    .text               mf_w.l(cdrcmple.o)
    0x08000670   0x08000670   0x0000002c   Code   RO         8061    .text               mc_w.l(uidiv.o)
    0x0800069c   0x0800069c   0x0000001e   Code   RO         8063    .text               mc_w.l(llshl.o)
    0x080006ba   0x080006ba   0x00000020   Code   RO         8065    .text               mc_w.l(llushr.o)
    0x080006da   0x080006da   0x00000024   Code   RO         8067    .text               mc_w.l(llsshr.o)
    0x080006fe   0x080006fe   0x00000000   Code   RO         8071    .text               mc_w.l(iusefp.o)
    0x080006fe   0x080006fe   0x000000ba   Code   RO         8072    .text               mf_w.l(depilogue.o)
    0x080007b8   0x080007b8   0x00000024   Code   RO         8076    .text               mc_w.l(init.o)
    0x080007dc   0x080007dc   0x00000000   Code   RO         8078    .text               mc_w.l(semi.o)
    0x080007dc   0x080007dc   0x00000000   Code   RO         8079    .text               mc_w.l(iusesemip.o)
    0x080007dc   0x080007dc   0x00000056   Code   RO         8088    .text               mc_w.l(__dczerorl2.o)
    0x08000832   0x08000832   0x00000002   Code   RO          867    i.BusFault_Handler  stm32f4xx_it.o
    0x08000834   0x08000834   0x0000000c   Code   RO          868    i.DMA1_Stream2_IRQHandler  stm32f4xx_it.o
    0x08000840   0x08000840   0x0000000c   Code   RO          869    i.DMA1_Stream4_IRQHandler  stm32f4xx_it.o
    0x0800084c   0x0800084c   0x00000028   Code   RO         3569    i.DMA_CalcBaseAndBitshift  stm32f4xx_hal_dma.o
    0x08000874   0x08000874   0x00000054   Code   RO         3570    i.DMA_CheckFifoParam  stm32f4xx_hal_dma.o
    0x080008c8   0x080008c8   0x00000028   Code   RO         3571    i.DMA_SetConfig     stm32f4xx_hal_dma.o
    0x080008f0   0x080008f0   0x00000002   Code   RO          870    i.DebugMon_Handler  stm32f4xx_it.o
    0x080008f2   0x080008f2   0x00000002   PAD
    0x080008f4   0x080008f4   0x0000002c   Code   RO           14    i.ENC0_GetSpeed     main.o
    0x08000920   0x08000920   0x00000020   Code   RO         1141    i.ETH_Delay         stm32f4xx_hal_eth.o
    0x08000940   0x08000940   0x0000002e   Code   RO         1142    i.ETH_FlushTransmitFIFO  stm32f4xx_hal_eth.o
    0x0800096e   0x0800096e   0x00000002   PAD
    0x08000970   0x08000970   0x00000124   Code   RO         1143    i.ETH_MACDMAConfig  stm32f4xx_hal_eth.o
    0x08000a94   0x08000a94   0x00000002   Code   RO           15    i.Error_Handler     main.o
    0x08000a96   0x08000a96   0x00000024   Code   RO         3573    i.HAL_DMA_Abort_IT  stm32f4xx_hal_dma.o
    0x08000aba   0x08000aba   0x00000002   PAD
    0x08000abc   0x08000abc   0x000001a0   Code   RO         3577    i.HAL_DMA_IRQHandler  stm32f4xx_hal_dma.o
    0x08000c5c   0x08000c5c   0x000000d4   Code   RO         3578    i.HAL_DMA_Init      stm32f4xx_hal_dma.o
    0x08000d30   0x08000d30   0x00000078   Code   RO         3582    i.HAL_DMA_Start_IT  stm32f4xx_hal_dma.o
    0x08000da8   0x08000da8   0x00000024   Code   RO         3991    i.HAL_Delay         stm32f4xx_hal.o
    0x08000dcc   0x08000dcc   0x00000074   Code   RO         1146    i.HAL_ETH_DMARxDescListInit  stm32f4xx_hal_eth.o
    0x08000e40   0x08000e40   0x00000078   Code   RO         1147    i.HAL_ETH_DMATxDescListInit  stm32f4xx_hal_eth.o
    0x08000eb8   0x08000eb8   0x0000007a   Code   RO         1150    i.HAL_ETH_GetReceivedFrame  stm32f4xx_hal_eth.o
    0x08000f32   0x08000f32   0x00000002   PAD
    0x08000f34   0x08000f34   0x000001ec   Code   RO         1154    i.HAL_ETH_Init      stm32f4xx_hal_eth.o
    0x08001120   0x08001120   0x000000d8   Code   RO          414    i.HAL_ETH_MspInit   ethernetif.o
    0x080011f8   0x080011f8   0x00000084   Code   RO         1157    i.HAL_ETH_ReadPHYRegister  stm32f4xx_hal_eth.o
    0x0800127c   0x0800127c   0x00000084   Code   RO         1159    i.HAL_ETH_Start     stm32f4xx_hal_eth.o
    0x08001300   0x08001300   0x00000108   Code   RO         1161    i.HAL_ETH_TransmitFrame  stm32f4xx_hal_eth.o
    0x08001408   0x08001408   0x00000078   Code   RO         1163    i.HAL_ETH_WritePHYRegister  stm32f4xx_hal_eth.o
    0x08001480   0x08001480   0x000001b0   Code   RO         3465    i.HAL_GPIO_Init     stm32f4xx_hal_gpio.o
    0x08001630   0x08001630   0x0000000e   Code   RO         3468    i.HAL_GPIO_TogglePin  stm32f4xx_hal_gpio.o
    0x0800163e   0x0800163e   0x0000000a   Code   RO         3469    i.HAL_GPIO_WritePin  stm32f4xx_hal_gpio.o
    0x08001648   0x08001648   0x0000000c   Code   RO         3997    i.HAL_GetTick       stm32f4xx_hal.o
    0x08001654   0x08001654   0x00000010   Code   RO         4003    i.HAL_IncTick       stm32f4xx_hal.o
    0x08001664   0x08001664   0x00000034   Code   RO         4004    i.HAL_Init          stm32f4xx_hal.o
    0x08001698   0x08001698   0x00000040   Code   RO         4005    i.HAL_InitTick      stm32f4xx_hal.o
    0x080016d8   0x080016d8   0x00000034   Code   RO          973    i.HAL_MspInit       stm32f4xx_hal_msp.o
    0x0800170c   0x0800170c   0x0000001a   Code   RO         3854    i.HAL_NVIC_EnableIRQ  stm32f4xx_hal_cortex.o
    0x08001726   0x08001726   0x00000002   PAD
    0x08001728   0x08001728   0x00000040   Code   RO         3860    i.HAL_NVIC_SetPriority  stm32f4xx_hal_cortex.o
    0x08001768   0x08001768   0x00000024   Code   RO         3861    i.HAL_NVIC_SetPriorityGrouping  stm32f4xx_hal_cortex.o
    0x0800178c   0x0800178c   0x00000002   Code   RO         1515    i.HAL_PCDEx_LPM_Callback  stm32f4xx_hal_pcd_ex.o
    0x0800178e   0x0800178e   0x00000008   Code   RO         1516    i.HAL_PCDEx_SetRxFiFo  stm32f4xx_hal_pcd_ex.o
    0x08001796   0x08001796   0x00000044   Code   RO         1517    i.HAL_PCDEx_SetTxFiFo  stm32f4xx_hal_pcd_ex.o
    0x080017da   0x080017da   0x00000008   Code   RO          534    i.HAL_PCD_ConnectCallback  usbd_conf.o
    0x080017e2   0x080017e2   0x00000012   Code   RO          535    i.HAL_PCD_DataInStageCallback  usbd_conf.o
    0x080017f4   0x080017f4   0x00000014   Code   RO          536    i.HAL_PCD_DataOutStageCallback  usbd_conf.o
    0x08001808   0x08001808   0x00000008   Code   RO          537    i.HAL_PCD_DisconnectCallback  usbd_conf.o
    0x08001810   0x08001810   0x0000004c   Code   RO         1303    i.HAL_PCD_EP_Close  stm32f4xx_hal_pcd.o
    0x0800185c   0x0800185c   0x0000005c   Code   RO         1304    i.HAL_PCD_EP_ClrStall  stm32f4xx_hal_pcd.o
    0x080018b8   0x080018b8   0x00000034   Code   RO         1305    i.HAL_PCD_EP_Flush  stm32f4xx_hal_pcd.o
    0x080018ec   0x080018ec   0x00000060   Code   RO         1307    i.HAL_PCD_EP_Open   stm32f4xx_hal_pcd.o
    0x0800194c   0x0800194c   0x00000048   Code   RO         1308    i.HAL_PCD_EP_Receive  stm32f4xx_hal_pcd.o
    0x08001994   0x08001994   0x00000074   Code   RO         1309    i.HAL_PCD_EP_SetStall  stm32f4xx_hal_pcd.o
    0x08001a08   0x08001a08   0x00000040   Code   RO         1310    i.HAL_PCD_EP_Transmit  stm32f4xx_hal_pcd.o
    0x08001a48   0x08001a48   0x0000046c   Code   RO         1312    i.HAL_PCD_IRQHandler  stm32f4xx_hal_pcd.o
    0x08001eb4   0x08001eb4   0x00000008   Code   RO          538    i.HAL_PCD_ISOINIncompleteCallback  usbd_conf.o
    0x08001ebc   0x08001ebc   0x00000008   Code   RO          539    i.HAL_PCD_ISOOUTIncompleteCallback  usbd_conf.o
    0x08001ec4   0x08001ec4   0x000000da   Code   RO         1315    i.HAL_PCD_Init      stm32f4xx_hal_pcd.o
    0x08001f9e   0x08001f9e   0x00000002   PAD
    0x08001fa0   0x08001fa0   0x00000080   Code   RO          541    i.HAL_PCD_MspInit   usbd_conf.o
    0x08002020   0x08002020   0x0000002c   Code   RO          542    i.HAL_PCD_ResetCallback  usbd_conf.o
    0x0800204c   0x0800204c   0x00000008   Code   RO          543    i.HAL_PCD_ResumeCallback  usbd_conf.o
    0x08002054   0x08002054   0x00000008   Code   RO          544    i.HAL_PCD_SOFCallback  usbd_conf.o
    0x0800205c   0x0800205c   0x00000028   Code   RO         1321    i.HAL_PCD_SetAddress  stm32f4xx_hal_pcd.o
    0x08002084   0x08002084   0x0000000e   Code   RO          545    i.HAL_PCD_SetupStageCallback  usbd_conf.o
    0x08002092   0x08002092   0x00000042   Code   RO         1323    i.HAL_PCD_Start     stm32f4xx_hal_pcd.o
    0x080020d4   0x080020d4   0x00000030   Code   RO          546    i.HAL_PCD_SuspendCallback  usbd_conf.o
    0x08002104   0x08002104   0x00000130   Code   RO         3111    i.HAL_RCC_ClockConfig  stm32f4xx_hal_rcc.o
    0x08002234   0x08002234   0x0000000c   Code   RO         3116    i.HAL_RCC_GetHCLKFreq  stm32f4xx_hal_rcc.o
    0x08002240   0x08002240   0x00000020   Code   RO         3118    i.HAL_RCC_GetPCLK1Freq  stm32f4xx_hal_rcc.o
    0x08002260   0x08002260   0x00000020   Code   RO         3119    i.HAL_RCC_GetPCLK2Freq  stm32f4xx_hal_rcc.o
    0x08002280   0x08002280   0x00000060   Code   RO         3120    i.HAL_RCC_GetSysClockFreq  stm32f4xx_hal_rcc.o
    0x080022e0   0x080022e0   0x0000031c   Code   RO         3123    i.HAL_RCC_OscConfig  stm32f4xx_hal_rcc.o
    0x080025fc   0x080025fc   0x00000028   Code   RO         3865    i.HAL_SYSTICK_Config  stm32f4xx_hal_cortex.o
    0x08002624   0x08002624   0x00000002   Code   RO         2533    i.HAL_TIMEx_BreakCallback  stm32f4xx_hal_tim_ex.o
    0x08002626   0x08002626   0x00000002   Code   RO         2534    i.HAL_TIMEx_CommutCallback  stm32f4xx_hal_tim_ex.o
    0x08002628   0x08002628   0x00000042   Code   RO         2551    i.HAL_TIMEx_MasterConfigSynchronization  stm32f4xx_hal_tim_ex.o
    0x0800266a   0x0800266a   0x00000036   Code   RO         1858    i.HAL_TIM_Base_Init  stm32f4xx_hal_tim.o
    0x080026a0   0x080026a0   0x00000054   Code   RO          975    i.HAL_TIM_Base_MspInit  stm32f4xx_hal_msp.o
    0x080026f4   0x080026f4   0x000000d6   Code   RO         1867    i.HAL_TIM_ConfigClockSource  stm32f4xx_hal_tim.o
    0x080027ca   0x080027ca   0x00000098   Code   RO         1876    i.HAL_TIM_Encoder_Init  stm32f4xx_hal_tim.o
    0x08002862   0x08002862   0x00000002   PAD
    0x08002864   0x08002864   0x0000007c   Code   RO          977    i.HAL_TIM_Encoder_MspInit  stm32f4xx_hal_msp.o
    0x080028e0   0x080028e0   0x00000034   Code   RO         1879    i.HAL_TIM_Encoder_Start  stm32f4xx_hal_tim.o
    0x08002914   0x08002914   0x00000002   Code   RO         1887    i.HAL_TIM_IC_CaptureCallback  stm32f4xx_hal_tim.o
    0x08002916   0x08002916   0x00000166   Code   RO         1901    i.HAL_TIM_IRQHandler  stm32f4xx_hal_tim.o
    0x08002a7c   0x08002a7c   0x00000054   Code   RO          978    i.HAL_TIM_MspPostInit  stm32f4xx_hal_msp.o
    0x08002ad0   0x08002ad0   0x00000002   Code   RO         1904    i.HAL_TIM_OC_DelayElapsedCallback  stm32f4xx_hal_tim.o
    0x08002ad2   0x08002ad2   0x000000d0   Code   RO         1925    i.HAL_TIM_PWM_ConfigChannel  stm32f4xx_hal_tim.o
    0x08002ba2   0x08002ba2   0x00000036   Code   RO         1928    i.HAL_TIM_PWM_Init  stm32f4xx_hal_tim.o
    0x08002bd8   0x08002bd8   0x00000002   Code   RO         1930    i.HAL_TIM_PWM_MspInit  stm32f4xx_hal_tim.o
    0x08002bda   0x08002bda   0x00000002   Code   RO         1931    i.HAL_TIM_PWM_PulseFinishedCallback  stm32f4xx_hal_tim.o
    0x08002bdc   0x08002bdc   0x00000044   Code   RO         1933    i.HAL_TIM_PWM_Start  stm32f4xx_hal_tim.o
    0x08002c20   0x08002c20   0x00000002   Code   RO           16    i.HAL_TIM_PeriodElapsedCallback  main.o
    0x08002c22   0x08002c22   0x00000002   Code   RO         1944    i.HAL_TIM_TriggerCallback  stm32f4xx_hal_tim.o
    0x08002c24   0x08002c24   0x00000002   Code   RO         2805    i.HAL_UART_ErrorCallback  stm32f4xx_hal_uart.o
    0x08002c26   0x08002c26   0x00000002   PAD
    0x08002c28   0x08002c28   0x00000110   Code   RO         2808    i.HAL_UART_IRQHandler  stm32f4xx_hal_uart.o
    0x08002d38   0x08002d38   0x00000062   Code   RO         2809    i.HAL_UART_Init     stm32f4xx_hal_uart.o
    0x08002d9a   0x08002d9a   0x00000002   PAD
    0x08002d9c   0x08002d9c   0x000000ec   Code   RO          980    i.HAL_UART_MspInit  stm32f4xx_hal_msp.o
    0x08002e88   0x08002e88   0x00000098   Code   RO         2813    i.HAL_UART_Receive_DMA  stm32f4xx_hal_uart.o
    0x08002f20   0x08002f20   0x00000018   Code   RO           17    i.HAL_UART_RxCpltCallback  main.o
    0x08002f38   0x08002f38   0x00000002   Code   RO         2816    i.HAL_UART_RxHalfCpltCallback  stm32f4xx_hal_uart.o
    0x08002f3a   0x08002f3a   0x00000002   PAD
    0x08002f3c   0x08002f3c   0x00000080   Code   RO         2818    i.HAL_UART_Transmit_DMA  stm32f4xx_hal_uart.o
    0x08002fbc   0x08002fbc   0x00000002   Code   RO         2820    i.HAL_UART_TxCpltCallback  stm32f4xx_hal_uart.o
    0x08002fbe   0x08002fbe   0x00000002   Code   RO         2821    i.HAL_UART_TxHalfCpltCallback  stm32f4xx_hal_uart.o
    0x08002fc0   0x08002fc0   0x00000002   Code   RO          871    i.HardFault_Handler  stm32f4xx_it.o
    0x08002fc2   0x08002fc2   0x00000002   PAD
    0x08002fc4   0x08002fc4   0x00000038   Code   RO          729    i.IntToUnicode      usbd_desc.o
    0x08002ffc   0x08002ffc   0x000001c4   Code   RO           18    i.MX_GPIO_Init      main.o
    0x080031c0   0x080031c0   0x000000f0   Code   RO          349    i.MX_LWIP_Init      lwip.o
    0x080032b0   0x080032b0   0x00000014   Code   RO          350    i.MX_LWIP_Process   lwip.o
    0x080032c4   0x080032c4   0x0000006c   Code   RO           19    i.MX_TIM12_Init     main.o
    0x08003330   0x08003330   0x00000060   Code   RO           20    i.MX_TIM1_Init      main.o
    0x08003390   0x08003390   0x00000040   Code   RO          495    i.MX_USB_DEVICE_Init  usb_device.o
    0x080033d0   0x080033d0   0x00000002   Code   RO          872    i.MemManage_Handler  stm32f4xx_it.o
    0x080033d2   0x080033d2   0x00000002   Code   RO          873    i.NMI_Handler       stm32f4xx_it.o
    0x080033d4   0x080033d4   0x0000000c   Code   RO          874    i.OTG_FS_IRQHandler  stm32f4xx_it.o
    0x080033e0   0x080033e0   0x000000dc   Code   RO         1326    i.PCD_EP_OutXfrComplete_int  stm32f4xx_hal_pcd.o
    0x080034bc   0x080034bc   0x000000a2   Code   RO         1327    i.PCD_WriteEmptyTxFifo  stm32f4xx_hal_pcd.o
    0x0800355e   0x0800355e   0x00000002   PAD
    0x08003560   0x08003560   0x00000268   Code   RO           21    i.PID_step          main.o
    0x080037c8   0x080037c8   0x00000060   Code   RO           22    i.PWM0_Set_Duty     main.o
    0x08003828   0x08003828   0x00000002   Code   RO          875    i.PendSV_Handler    stm32f4xx_it.o
    0x0800382a   0x0800382a   0x00000002   Code   RO          876    i.SVC_Handler       stm32f4xx_it.o
    0x0800382c   0x0800382c   0x00000010   Code   RO          877    i.SysTick_Handler   stm32f4xx_it.o
    0x0800383c   0x0800383c   0x00000084   Code   RO           23    i.SystemClock_Config  main.o
    0x080038c0   0x080038c0   0x00000054   Code   RO         4240    i.SystemInit        system_stm32f4xx.o
    0x08003914   0x08003914   0x0000000c   Code   RO          878    i.TIM6_DAC_IRQHandler  stm32f4xx_it.o
    0x08003920   0x08003920   0x000000c8   Code   RO         1946    i.TIM_Base_SetConfig  stm32f4xx_hal_tim.o
    0x080039e8   0x080039e8   0x0000001a   Code   RO         1947    i.TIM_CCxChannelCmd  stm32f4xx_hal_tim.o
    0x08003a02   0x08003a02   0x00000014   Code   RO         1957    i.TIM_ETR_SetConfig  stm32f4xx_hal_tim.o
    0x08003a16   0x08003a16   0x00000010   Code   RO         1958    i.TIM_ITRx_SetConfig  stm32f4xx_hal_tim.o
    0x08003a26   0x08003a26   0x00000002   PAD
    0x08003a28   0x08003a28   0x00000060   Code   RO         1959    i.TIM_OC1_SetConfig  stm32f4xx_hal_tim.o
    0x08003a88   0x08003a88   0x0000006c   Code   RO         1960    i.TIM_OC2_SetConfig  stm32f4xx_hal_tim.o
    0x08003af4   0x08003af4   0x00000068   Code   RO         1961    i.TIM_OC3_SetConfig  stm32f4xx_hal_tim.o
    0x08003b5c   0x08003b5c   0x00000050   Code   RO         1962    i.TIM_OC4_SetConfig  stm32f4xx_hal_tim.o
    0x08003bac   0x08003bac   0x00000022   Code   RO         1964    i.TIM_TI1_ConfigInputStage  stm32f4xx_hal_tim.o
    0x08003bce   0x08003bce   0x00000024   Code   RO         1966    i.TIM_TI2_ConfigInputStage  stm32f4xx_hal_tim.o
    0x08003bf2   0x08003bf2   0x00000002   PAD
    0x08003bf4   0x08003bf4   0x0000000c   Code   RO          879    i.UART4_IRQHandler  stm32f4xx_it.o
    0x08003c00   0x08003c00   0x00000010   Code   RO         2822    i.UART_DMAAbortOnError  stm32f4xx_hal_uart.o
    0x08003c10   0x08003c10   0x0000004a   Code   RO         2823    i.UART_DMAError     stm32f4xx_hal_uart.o
    0x08003c5a   0x08003c5a   0x0000003c   Code   RO         2824    i.UART_DMAReceiveCplt  stm32f4xx_hal_uart.o
    0x08003c96   0x08003c96   0x0000000a   Code   RO         2826    i.UART_DMARxHalfCplt  stm32f4xx_hal_uart.o
    0x08003ca0   0x08003ca0   0x0000002e   Code   RO         2828    i.UART_DMATransmitCplt  stm32f4xx_hal_uart.o
    0x08003cce   0x08003cce   0x0000000a   Code   RO         2830    i.UART_DMATxHalfCplt  stm32f4xx_hal_uart.o
    0x08003cd8   0x08003cd8   0x0000001c   Code   RO         2832    i.UART_EndRxTransfer  stm32f4xx_hal_uart.o
    0x08003cf4   0x08003cf4   0x00000012   Code   RO         2833    i.UART_EndTxTransfer  stm32f4xx_hal_uart.o
    0x08003d06   0x08003d06   0x00000096   Code   RO         2834    i.UART_Receive_IT   stm32f4xx_hal_uart.o
    0x08003d9c   0x08003d9c   0x000002ac   Code   RO         2835    i.UART_SetConfig    stm32f4xx_hal_uart.o
    0x08004048   0x08004048   0x00000062   Code   RO         2836    i.UART_Transmit_IT  stm32f4xx_hal_uart.o
    0x080040aa   0x080040aa   0x00000002   PAD
    0x080040ac   0x080040ac   0x00000020   Code   RO         7664    i.USBD_BULK_DataIn  usbd_bulk.o
    0x080040cc   0x080040cc   0x00000030   Code   RO         7665    i.USBD_BULK_DataOut  usbd_bulk.o
    0x080040fc   0x080040fc   0x00000016   Code   RO         7666    i.USBD_BULK_DeInit  usbd_bulk.o
    0x08004112   0x08004112   0x00000002   PAD
    0x08004114   0x08004114   0x0000000c   Code   RO         7667    i.USBD_BULK_GetCfgDesc  usbd_bulk.o
    0x08004120   0x08004120   0x00000030   Code   RO         7668    i.USBD_BULK_Init    usbd_bulk.o
    0x08004150   0x08004150   0x0000001c   Code   RO         7669    i.USBD_BULK_SendData  usbd_bulk.o
    0x0800416c   0x0800416c   0x00000034   Code   RO         7670    i.USBD_BULK_Setup   usbd_bulk.o
    0x080041a0   0x080041a0   0x0000000e   Code   RO         7295    i.USBD_ClrClassConfig  usbd_core.o
    0x080041ae   0x080041ae   0x00000010   Code   RO         7498    i.USBD_CtlContinueRx  usbd_ioreq.o
    0x080041be   0x080041be   0x00000010   Code   RO         7499    i.USBD_CtlContinueSendData  usbd_ioreq.o
    0x080041ce   0x080041ce   0x00000016   Code   RO         7433    i.USBD_CtlError     usbd_ctlreq.o
    0x080041e4   0x080041e4   0x00000016   Code   RO         7501    i.USBD_CtlReceiveStatus  usbd_ioreq.o
    0x080041fa   0x080041fa   0x0000001a   Code   RO         7502    i.USBD_CtlSendData  usbd_ioreq.o
    0x08004214   0x08004214   0x00000016   Code   RO         7503    i.USBD_CtlSendStatus  usbd_ioreq.o
    0x0800422a   0x0800422a   0x00000002   PAD
    0x0800422c   0x0800422c   0x00000020   Code   RO          730    i.USBD_FS_ConfigStrDescriptor  usbd_desc.o
    0x0800424c   0x0800424c   0x0000000c   Code   RO          731    i.USBD_FS_DeviceDescriptor  usbd_desc.o
    0x08004258   0x08004258   0x00000024   Code   RO          732    i.USBD_FS_InterfaceStrDescriptor  usbd_desc.o
    0x0800427c   0x0800427c   0x0000000c   Code   RO          733    i.USBD_FS_LangIDStrDescriptor  usbd_desc.o
    0x08004288   0x08004288   0x00000028   Code   RO          734    i.USBD_FS_ManufacturerStrDescriptor  usbd_desc.o
    0x080042b0   0x080042b0   0x0000002c   Code   RO          735    i.USBD_FS_ProductStrDescriptor  usbd_desc.o
    0x080042dc   0x080042dc   0x00000038   Code   RO          736    i.USBD_FS_SerialStrDescriptor  usbd_desc.o
    0x08004314   0x08004314   0x000000e8   Code   RO         7434    i.USBD_GetDescriptor  usbd_ctlreq.o
    0x080043fc   0x080043fc   0x00000048   Code   RO         7435    i.USBD_GetString    usbd_ctlreq.o
    0x08004444   0x08004444   0x00000018   Code   RO          547    i.USBD_Get_USB_Status  usbd_conf.o
    0x0800445c   0x0800445c   0x0000002a   Code   RO         7297    i.USBD_Init         usbd_core.o
    0x08004486   0x08004486   0x00000012   Code   RO          548    i.USBD_LL_ClearStallEP  usbd_conf.o
    0x08004498   0x08004498   0x00000012   Code   RO          549    i.USBD_LL_CloseEP   usbd_conf.o
    0x080044aa   0x080044aa   0x000000c6   Code   RO         7298    i.USBD_LL_DataInStage  usbd_core.o
    0x08004570   0x08004570   0x00000082   Code   RO         7299    i.USBD_LL_DataOutStage  usbd_core.o
    0x080045f2   0x080045f2   0x00000004   Code   RO         7300    i.USBD_LL_DevConnected  usbd_core.o
    0x080045f6   0x080045f6   0x00000016   Code   RO         7301    i.USBD_LL_DevDisconnected  usbd_core.o
    0x0800460c   0x0800460c   0x00000012   Code   RO          552    i.USBD_LL_FlushEP   usbd_conf.o
    0x0800461e   0x0800461e   0x00000002   PAD
    0x08004620   0x08004620   0x00000060   Code   RO          554    i.USBD_LL_Init      usbd_conf.o
    0x08004680   0x08004680   0x00000020   Code   RO          555    i.USBD_LL_IsStallEP  usbd_conf.o
    0x080046a0   0x080046a0   0x00000004   Code   RO         7302    i.USBD_LL_IsoINIncomplete  usbd_core.o
    0x080046a4   0x080046a4   0x00000004   Code   RO         7303    i.USBD_LL_IsoOUTIncomplete  usbd_core.o
    0x080046a8   0x080046a8   0x00000018   Code   RO          556    i.USBD_LL_OpenEP    usbd_conf.o
    0x080046c0   0x080046c0   0x00000012   Code   RO          557    i.USBD_LL_PrepareReceive  usbd_conf.o
    0x080046d2   0x080046d2   0x00000050   Code   RO         7304    i.USBD_LL_Reset     usbd_core.o
    0x08004722   0x08004722   0x0000000c   Code   RO         7305    i.USBD_LL_Resume    usbd_core.o
    0x0800472e   0x0800472e   0x00000018   Code   RO         7306    i.USBD_LL_SOF       usbd_core.o
    0x08004746   0x08004746   0x00000006   Code   RO         7307    i.USBD_LL_SetSpeed  usbd_core.o
    0x0800474c   0x0800474c   0x00000012   Code   RO          558    i.USBD_LL_SetUSBAddress  usbd_conf.o
    0x0800475e   0x0800475e   0x0000005a   Code   RO         7308    i.USBD_LL_SetupStage  usbd_core.o
    0x080047b8   0x080047b8   0x00000012   Code   RO          559    i.USBD_LL_StallEP   usbd_conf.o
    0x080047ca   0x080047ca   0x00000012   Code   RO          560    i.USBD_LL_Start     usbd_conf.o
    0x080047dc   0x080047dc   0x00000012   Code   RO         7309    i.USBD_LL_Suspend   usbd_core.o
    0x080047ee   0x080047ee   0x00000012   Code   RO          562    i.USBD_LL_Transmit  usbd_conf.o
    0x08004800   0x08004800   0x00000028   Code   RO         7436    i.USBD_ParseSetupRequest  usbd_ctlreq.o
    0x08004828   0x08004828   0x00000010   Code   RO         7310    i.USBD_RegisterClass  usbd_core.o
    0x08004838   0x08004838   0x00000016   Code   RO         7312    i.USBD_SetClassConfig  usbd_core.o
    0x0800484e   0x0800484e   0x00000002   PAD
    0x08004850   0x08004850   0x00000084   Code   RO         7437    i.USBD_SetConfig    usbd_ctlreq.o
    0x080048d4   0x080048d4   0x0000000a   Code   RO         7313    i.USBD_Start        usbd_core.o
    0x080048de   0x080048de   0x00000112   Code   RO         7438    i.USBD_StdDevReq    usbd_ctlreq.o
    0x080049f0   0x080049f0   0x00000150   Code   RO         7439    i.USBD_StdEPReq     usbd_ctlreq.o
    0x08004b40   0x08004b40   0x0000004e   Code   RO         7440    i.USBD_StdItfReq    usbd_ctlreq.o
    0x08004b8e   0x08004b8e   0x00000002   PAD
    0x08004b90   0x08004b90   0x00000080   Code   RO         1557    i.USB_ActivateEndpoint  stm32f4xx_ll_usb.o
    0x08004c10   0x08004c10   0x00000034   Code   RO         1559    i.USB_ActivateSetup  stm32f4xx_ll_usb.o
    0x08004c44   0x08004c44   0x00000074   Code   RO         1561    i.USB_CoreInit      stm32f4xx_ll_usb.o
    0x08004cb8   0x08004cb8   0x00000038   Code   RO         1562    i.USB_CoreReset     stm32f4xx_ll_usb.o
    0x08004cf0   0x08004cf0   0x00000080   Code   RO         1565    i.USB_DeactivateEndpoint  stm32f4xx_ll_usb.o
    0x08004d70   0x08004d70   0x00000018   Code   RO         1566    i.USB_DevConnect    stm32f4xx_ll_usb.o
    0x08004d88   0x08004d88   0x00000018   Code   RO         1567    i.USB_DevDisconnect  stm32f4xx_ll_usb.o
    0x08004da0   0x08004da0   0x0000018c   Code   RO         1568    i.USB_DevInit       stm32f4xx_ll_usb.o
    0x08004f2c   0x08004f2c   0x0000000c   Code   RO         1569    i.USB_DisableGlobalInt  stm32f4xx_ll_usb.o
    0x08004f38   0x08004f38   0x0000010c   Code   RO         1572    i.USB_EP0StartXfer  stm32f4xx_ll_usb.o
    0x08005044   0x08005044   0x00000058   Code   RO         1573    i.USB_EP0_OutStart  stm32f4xx_ll_usb.o
    0x0800509c   0x0800509c   0x00000058   Code   RO         1574    i.USB_EPClearStall  stm32f4xx_ll_usb.o
    0x080050f4   0x080050f4   0x00000058   Code   RO         1575    i.USB_EPSetStall    stm32f4xx_ll_usb.o
    0x0800514c   0x0800514c   0x000001c8   Code   RO         1576    i.USB_EPStartXfer   stm32f4xx_ll_usb.o
    0x08005314   0x08005314   0x0000000c   Code   RO         1577    i.USB_EnableGlobalInt  stm32f4xx_ll_usb.o
    0x08005320   0x08005320   0x00000020   Code   RO         1578    i.USB_FlushRxFifo   stm32f4xx_ll_usb.o
    0x08005340   0x08005340   0x00000024   Code   RO         1579    i.USB_FlushTxFifo   stm32f4xx_ll_usb.o
    0x08005364   0x08005364   0x0000001a   Code   RO         1581    i.USB_GetDevSpeed   stm32f4xx_ll_usb.o
    0x0800537e   0x0800537e   0x00000008   Code   RO         1583    i.USB_GetMode       stm32f4xx_ll_usb.o
    0x08005386   0x08005386   0x0000000e   Code   RO         1590    i.USB_ReadDevAllInEpInterrupt  stm32f4xx_ll_usb.o
    0x08005394   0x08005394   0x0000000e   Code   RO         1591    i.USB_ReadDevAllOutEpInterrupt  stm32f4xx_ll_usb.o
    0x080053a2   0x080053a2   0x00000024   Code   RO         1592    i.USB_ReadDevInEPInterrupt  stm32f4xx_ll_usb.o
    0x080053c6   0x080053c6   0x00000010   Code   RO         1593    i.USB_ReadDevOutEPInterrupt  stm32f4xx_ll_usb.o
    0x080053d6   0x080053d6   0x00000008   Code   RO         1594    i.USB_ReadInterrupts  stm32f4xx_ll_usb.o
    0x080053de   0x080053de   0x0000001c   Code   RO         1595    i.USB_ReadPacket    stm32f4xx_ll_usb.o
    0x080053fa   0x080053fa   0x0000002e   Code   RO         1597    i.USB_SetCurrentMode  stm32f4xx_ll_usb.o
    0x08005428   0x08005428   0x00000022   Code   RO         1598    i.USB_SetDevAddress  stm32f4xx_ll_usb.o
    0x0800544a   0x0800544a   0x00000002   PAD
    0x0800544c   0x0800544c   0x000000e8   Code   RO         1600    i.USB_SetTurnaroundTime  stm32f4xx_ll_usb.o
    0x08005534   0x08005534   0x00000024   Code   RO         1603    i.USB_WritePacket   stm32f4xx_ll_usb.o
    0x08005558   0x08005558   0x00000002   Code   RO          880    i.UsageFault_Handler  stm32f4xx_it.o
    0x0800555a   0x0800555a   0x00000002   PAD
    0x0800555c   0x0800555c   0x00000020   Code   RO         7894    i.__0printf$6       mc_w.l(printf6.o)
    0x0800557c   0x0800557c   0x00000028   Code   RO         7896    i.__0sprintf$6      mc_w.l(printf6.o)
    0x080055a4   0x080055a4   0x00000020   Code   RO         3867    i.__NVIC_SetPriority  stm32f4xx_hal_cortex.o
    0x080055c4   0x080055c4   0x0000000e   Code   RO         8082    i.__scatterload_copy  mc_w.l(handlers.o)
    0x080055d2   0x080055d2   0x00000002   Code   RO         8083    i.__scatterload_null  mc_w.l(handlers.o)
    0x080055d4   0x080055d4   0x0000000e   Code   RO         8084    i.__scatterload_zeroinit  mc_w.l(handlers.o)
    0x080055e2   0x080055e2   0x00000002   PAD
    0x080055e4   0x080055e4   0x000002f0   Code   RO         7901    i._printf_core      mc_w.l(printf6.o)
    0x080058d4   0x080058d4   0x00000024   Code   RO         7902    i._printf_post_padding  mc_w.l(printf6.o)
    0x080058f8   0x080058f8   0x0000002e   Code   RO         7903    i._printf_pre_padding  mc_w.l(printf6.o)
    0x08005926   0x08005926   0x0000000a   Code   RO         7905    i._sputc            mc_w.l(printf6.o)
    0x08005930   0x08005930   0x0000001c   Code   RO         6335    i.cyclic_timer      timeouts.o
    0x0800594c   0x0800594c   0x0000009c   Code   RO         5355    i.do_memp_free_pool  memp.o
    0x080059e8   0x080059e8   0x000000a4   Code   RO         5356    i.do_memp_malloc_pool  memp.o
    0x08005a8c   0x08005a8c   0x00000030   Code   RO         6564    i.etharp_cleanup_netif  etharp.o
    0x08005abc   0x08005abc   0x00000258   Code   RO         6566    i.etharp_find_entry  etharp.o
    0x08005d14   0x08005d14   0x00000024   Code   RO         6567    i.etharp_free_entry  etharp.o
    0x08005d38   0x08005d38   0x00000104   Code   RO         6569    i.etharp_input      etharp.o
    0x08005e3c   0x08005e3c   0x000001ac   Code   RO         6570    i.etharp_output     etharp.o
    0x08005fe8   0x08005fe8   0x00000110   Code   RO         6571    i.etharp_output_to_arp_index  etharp.o
    0x080060f8   0x080060f8   0x000001d8   Code   RO         6572    i.etharp_query      etharp.o
    0x080062d0   0x080062d0   0x00000170   Code   RO         6573    i.etharp_raw        etharp.o
    0x08006440   0x08006440   0x0000000c   Code   RO         6574    i.etharp_request    etharp.o
    0x0800644c   0x0800644c   0x00000020   Code   RO         6575    i.etharp_request_dst  etharp.o
    0x0800646c   0x0800646c   0x00000060   Code   RO         6576    i.etharp_tmr        etharp.o
    0x080064cc   0x080064cc   0x0000011c   Code   RO         6577    i.etharp_update_arp_entry  etharp.o
    0x080065e8   0x080065e8   0x000000a0   Code   RO         4715    i.ethernet_input    ethernet.o
    0x08006688   0x08006688   0x000000f8   Code   RO         4716    i.ethernet_output   ethernet.o
    0x08006780   0x08006780   0x00000088   Code   RO          415    i.ethernetif_init   ethernetif.o
    0x08006808   0x08006808   0x00000022   Code   RO          416    i.ethernetif_input  ethernetif.o
    0x0800682a   0x0800682a   0x00000012   Code   RO         8058    i.fputc             mc_w.l(fputc.o)
    0x0800683c   0x0800683c   0x00000008   Code   RO         6664    i.icmp_dest_unreach  icmp.o
    0x08006844   0x08006844   0x000001e4   Code   RO         6665    i.icmp_input        icmp.o
    0x08006a28   0x08006a28   0x0000010c   Code   RO         6666    i.icmp_send_response  icmp.o
    0x08006b34   0x08006b34   0x00000008   Code   RO         6667    i.icmp_time_exceeded  icmp.o
    0x08006b3c   0x08006b3c   0x0000002e   Code   RO         6783    i.ip4_addr_isbroadcast_u32  ip4_addr.o
    0x08006b6a   0x08006b6a   0x00000002   PAD
    0x08006b6c   0x08006b6c   0x00000254   Code   RO         6849    i.ip4_frag          ip4_frag.o
    0x08006dc0   0x08006dc0   0x000001a4   Code   RO         6730    i.ip4_input         ip4.o
    0x08006f64   0x08006f64   0x0000001e   Code   RO         6732    i.ip4_output_if     ip4.o
    0x08006f82   0x08006f82   0x00000002   PAD
    0x08006f84   0x08006f84   0x0000016c   Code   RO         6733    i.ip4_output_if_src  ip4.o
    0x080070f0   0x080070f0   0x000001b4   Code   RO         6850    i.ip4_reass         ip4_frag.o
    0x080072a4   0x080072a4   0x0000005c   Code   RO         6734    i.ip4_route         ip4.o
    0x08007300   0x08007300   0x00000090   Code   RO         6851    i.ip_frag_free_pbuf_custom_ref  ip4_frag.o
    0x08007390   0x08007390   0x00000260   Code   RO         6852    i.ip_reass_chain_frag_into_datagram_and_validate  ip4_frag.o
    0x080075f0   0x080075f0   0x000000bc   Code   RO         6853    i.ip_reass_dequeue_datagram  ip4_frag.o
    0x080076ac   0x080076ac   0x00000190   Code   RO         6854    i.ip_reass_free_complete_datagram  ip4_frag.o
    0x0800783c   0x0800783c   0x00000080   Code   RO         6855    i.ip_reass_remove_oldest_datagram  ip4_frag.o
    0x080078bc   0x080078bc   0x0000002c   Code   RO         6856    i.ip_reass_tmr      ip4_frag.o
    0x080078e8   0x080078e8   0x00000098   Code   RO         6857    i.ipfrag_free_pbuf_custom  ip4_frag.o
    0x08007980   0x08007980   0x00000100   Code   RO          417    i.low_level_init    ethernetif.o
    0x08007a80   0x08007a80   0x000000bc   Code   RO          418    i.low_level_input   ethernetif.o
    0x08007b3c   0x08007b3c   0x000000a8   Code   RO          419    i.low_level_output  ethernetif.o
    0x08007be4   0x08007be4   0x00000004   Code   RO         5033    i.lwip_htonl        def.o
    0x08007be8   0x08007be8   0x00000004   Code   RO         5034    i.lwip_htons        def.o
    0x08007bec   0x08007bec   0x0000001e   Code   RO         5186    i.lwip_init         init.o
    0x08007c0a   0x08007c0a   0x00000002   PAD
    0x08007c0c   0x08007c0c   0x00000228   Code   RO           24    i.main              main.o
    0x08007e34   0x08007e34   0x0000011c   Code   RO         5289    i.mem_free          mem.o
    0x08007f50   0x08007f50   0x00000034   Code   RO         5290    i.mem_init          mem.o
    0x08007f84   0x08007f84   0x000001fc   Code   RO         5291    i.mem_malloc        mem.o
    0x08008180   0x08008180   0x00000184   Code   RO         5292    i.mem_trim          mem.o
    0x08008304   0x08008304   0x0000009c   Code   RO         5357    i.memp_free         memp.o
    0x080083a0   0x080083a0   0x00000020   Code   RO         5359    i.memp_init         memp.o
    0x080083c0   0x080083c0   0x0000002a   Code   RO         5360    i.memp_init_pool    memp.o
    0x080083ea   0x080083ea   0x00000002   PAD
    0x080083ec   0x080083ec   0x000000a4   Code   RO         5361    i.memp_malloc       memp.o
    0x08008490   0x08008490   0x000000e0   Code   RO         5486    i.netif_add         netif.o
    0x08008570   0x08008570   0x00000002   Code   RO         5488    i.netif_init        netif.o
    0x08008572   0x08008572   0x0000001a   Code   RO         5490    i.netif_issue_reports  netif.o
    0x0800858c   0x0800858c   0x00000048   Code   RO         5492    i.netif_set_addr    netif.o
    0x080085d4   0x080085d4   0x0000000c   Code   RO         5493    i.netif_set_default  netif.o
    0x080085e0   0x080085e0   0x0000001a   Code   RO         5494    i.netif_set_down    netif.o
    0x080085fa   0x080085fa   0x00000008   Code   RO         5495    i.netif_set_gw      netif.o
    0x08008602   0x08008602   0x00000002   PAD
    0x08008604   0x08008604   0x00000040   Code   RO         5496    i.netif_set_ipaddr  netif.o
    0x08008644   0x08008644   0x00000008   Code   RO         5499    i.netif_set_netmask  netif.o
    0x0800864c   0x0800864c   0x0000001c   Code   RO         5500    i.netif_set_up      netif.o
    0x08008668   0x08008668   0x0000037c   Code   RO         5614    i.pbuf_alloc        pbuf.o
    0x080089e4   0x080089e4   0x000000e0   Code   RO         5615    i.pbuf_alloced_custom  pbuf.o
    0x08008ac4   0x08008ac4   0x00000130   Code   RO         5616    i.pbuf_cat          pbuf.o
    0x08008bf4   0x08008bf4   0x00000012   Code   RO         5617    i.pbuf_chain        pbuf.o
    0x08008c06   0x08008c06   0x00000012   Code   RO         5618    i.pbuf_clen         pbuf.o
    0x08008c18   0x08008c18   0x000001ec   Code   RO         5620    i.pbuf_copy         pbuf.o
    0x08008e04   0x08008e04   0x0000011c   Code   RO         5621    i.pbuf_copy_partial  pbuf.o
    0x08008f20   0x08008f20   0x00000164   Code   RO         5623    i.pbuf_free         pbuf.o
    0x08009084   0x08009084   0x0000002c   Code   RO         5624    i.pbuf_free_ooseq   pbuf.o
    0x080090b0   0x080090b0   0x00000006   Code   RO         5626    i.pbuf_header       pbuf.o
    0x080090b6   0x080090b6   0x00000006   Code   RO         5627    i.pbuf_header_force  pbuf.o
    0x080090bc   0x080090bc   0x00000124   Code   RO         5628    i.pbuf_header_impl  pbuf.o
    0x080091e0   0x080091e0   0x00000198   Code   RO         5632    i.pbuf_realloc      pbuf.o
    0x08009378   0x08009378   0x0000008c   Code   RO         5633    i.pbuf_ref          pbuf.o
    0x08009404   0x08009404   0x0000017c   Code   RO         5293    i.plug_holes        mem.o
    0x08009580   0x08009580   0x00000058   Code   RO         6336    i.sys_check_timeouts  timeouts.o
    0x080095d8   0x080095d8   0x00000004   Code   RO          421    i.sys_now           ethernetif.o
    0x080095dc   0x080095dc   0x00000140   Code   RO         6338    i.sys_timeout       timeouts.o
    0x0800971c   0x0800971c   0x00000034   Code   RO         6339    i.sys_timeouts_init  timeouts.o
    0x08009750   0x08009750   0x00000174   Code   RO         5859    i.tcp_abandon       tcp.o
    0x080098c4   0x080098c4   0x00000006   Code   RO         5860    i.tcp_abort         tcp.o
    0x080098ca   0x080098ca   0x0000000e   Code   RO         5861    i.tcp_accept        tcp.o
    0x080098d8   0x080098d8   0x0000000e   Code   RO         5862    i.tcp_accept_null   tcp.o
    0x080098e6   0x080098e6   0x00000002   PAD
    0x080098e8   0x080098e8   0x000000fc   Code   RO         5863    i.tcp_alloc         tcp.o
    0x080099e4   0x080099e4   0x00000008   Code   RO         5864    i.tcp_arg           tcp.o
    0x080099ec   0x080099ec   0x00000124   Code   RO         5865    i.tcp_bind          tcp.o
    0x08009b10   0x08009b10   0x00000014   Code   RO         5866    i.tcp_close         tcp.o
    0x08009b24   0x08009b24   0x00000188   Code   RO         5867    i.tcp_close_shutdown  tcp.o
    0x08009cac   0x08009cac   0x000000c4   Code   RO         5868    i.tcp_close_shutdown_fin  tcp.o
    0x08009d70   0x08009d70   0x00000120   Code   RO         6218    i.tcp_create_segment  tcp_out.o
    0x08009e90   0x08009e90   0x00000060   Code   RO         1040    i.tcp_echoserver_accept  tcp_echoserver.o
    0x08009ef0   0x08009ef0   0x00000040   Code   RO         1041    i.tcp_echoserver_connection_close  tcp_echoserver.o
    0x08009f30   0x08009f30   0x0000000a   Code   RO         1042    i.tcp_echoserver_error  tcp_echoserver.o
    0x08009f3a   0x08009f3a   0x00000002   PAD
    0x08009f3c   0x08009f3c   0x00000048   Code   RO         1043    i.tcp_echoserver_init  tcp_echoserver.o
    0x08009f84   0x08009f84   0x00000040   Code   RO         1044    i.tcp_echoserver_poll  tcp_echoserver.o
    0x08009fc4   0x08009fc4   0x000000dc   Code   RO         1045    i.tcp_echoserver_recv  tcp_echoserver.o
    0x0800a0a0   0x0800a0a0   0x00000078   Code   RO         1046    i.tcp_echoserver_send  tcp_echoserver.o
    0x0800a118   0x0800a118   0x00000038   Code   RO         1047    i.tcp_echoserver_sent  tcp_echoserver.o
    0x0800a150   0x0800a150   0x00000022   Code   RO         5871    i.tcp_eff_send_mss_impl  tcp.o
    0x0800a172   0x0800a172   0x00000002   PAD
    0x0800a174   0x0800a174   0x0000020c   Code   RO         6219    i.tcp_enqueue_flags  tcp_out.o
    0x0800a380   0x0800a380   0x000000a4   Code   RO         5872    i.tcp_err           tcp.o
    0x0800a424   0x0800a424   0x0000006c   Code   RO         5873    i.tcp_fasttmr       tcp.o
    0x0800a490   0x0800a490   0x00000030   Code   RO         6134    i.tcp_getoptbyte    tcp_in.o
    0x0800a4c0   0x0800a4c0   0x00000002   Code   RO         5874    i.tcp_init          tcp.o
    0x0800a4c2   0x0800a4c2   0x00000002   PAD
    0x0800a4c4   0x0800a4c4   0x000005d0   Code   RO         6135    i.tcp_input         tcp_in.o
    0x0800aa94   0x0800aa94   0x00000040   Code   RO         6136    i.tcp_input_delayed_close  tcp_in.o
    0x0800aad4   0x0800aad4   0x00000052   Code   RO         6220    i.tcp_keepalive     tcp_out.o
    0x0800ab26   0x0800ab26   0x00000002   PAD
    0x0800ab28   0x0800ab28   0x000000bc   Code   RO         5875    i.tcp_kill_state    tcp.o
    0x0800abe4   0x0800abe4   0x000000cc   Code   RO         5876    i.tcp_listen_closed  tcp.o
    0x0800acb0   0x0800acb0   0x000000f4   Code   RO         6137    i.tcp_listen_input  tcp_in.o
    0x0800ada4   0x0800ada4   0x00000006   Code   RO         5877    i.tcp_listen_with_backlog  tcp.o
    0x0800adaa   0x0800adaa   0x00000002   PAD
    0x0800adac   0x0800adac   0x00000124   Code   RO         5878    i.tcp_listen_with_backlog_and_err  tcp.o
    0x0800aed0   0x0800aed0   0x0000004c   Code   RO         5879    i.tcp_netif_ip_addr_changed  tcp.o
    0x0800af1c   0x0800af1c   0x00000022   Code   RO         5880    i.tcp_netif_ip_addr_changed_pcblist  tcp.o
    0x0800af3e   0x0800af3e   0x00000006   Code   RO         5881    i.tcp_new           tcp.o
    0x0800af44   0x0800af44   0x0000005c   Code   RO         5883    i.tcp_new_port      tcp.o
    0x0800afa0   0x0800afa0   0x00000010   Code   RO         5884    i.tcp_next_iss      tcp.o
    0x0800afb0   0x0800afb0   0x00000078   Code   RO         6138    i.tcp_oos_insert_segment  tcp_in.o
    0x0800b028   0x0800b028   0x000002cc   Code   RO         6221    i.tcp_output        tcp_out.o
    0x0800b2f4   0x0800b2f4   0x0000010c   Code   RO         6222    i.tcp_output_alloc_header  tcp_out.o
    0x0800b400   0x0800b400   0x000000a8   Code   RO         6223    i.tcp_output_segment  tcp_out.o
    0x0800b4a8   0x0800b4a8   0x00000074   Code   RO         6139    i.tcp_parseopt      tcp_in.o
    0x0800b51c   0x0800b51c   0x000000d8   Code   RO         6224    i.tcp_pbuf_prealloc  tcp_out.o
    0x0800b5f4   0x0800b5f4   0x00000042   Code   RO         5885    i.tcp_pcb_purge     tcp.o
    0x0800b636   0x0800b636   0x00000002   PAD
    0x0800b638   0x0800b638   0x00000130   Code   RO         5886    i.tcp_pcb_remove    tcp.o
    0x0800b768   0x0800b768   0x0000009c   Code   RO         5887    i.tcp_poll          tcp.o
    0x0800b804   0x0800b804   0x00000484   Code   RO         6140    i.tcp_process       tcp_in.o
    0x0800bc88   0x0800bc88   0x0000006c   Code   RO         5888    i.tcp_process_refused_data  tcp.o
    0x0800bcf4   0x0800bcf4   0x00000a1e   Code   RO         6141    i.tcp_receive       tcp_in.o
    0x0800c712   0x0800c712   0x00000002   PAD
    0x0800c714   0x0800c714   0x000000a4   Code   RO         5889    i.tcp_recv          tcp.o
    0x0800c7b8   0x0800c7b8   0x00000024   Code   RO         5890    i.tcp_recv_null     tcp.o
    0x0800c7dc   0x0800c7dc   0x00000110   Code   RO         5891    i.tcp_recved        tcp.o
    0x0800c8ec   0x0800c8ec   0x00000056   Code   RO         6225    i.tcp_rexmit        tcp_out.o
    0x0800c942   0x0800c942   0x00000058   Code   RO         6226    i.tcp_rexmit_fast   tcp_out.o
    0x0800c99a   0x0800c99a   0x00000032   Code   RO         6227    i.tcp_rexmit_rto    tcp_out.o
    0x0800c9cc   0x0800c9cc   0x00000120   Code   RO         6228    i.tcp_rst           tcp_out.o
    0x0800caec   0x0800caec   0x00000028   Code   RO         5892    i.tcp_seg_copy      tcp.o
    0x0800cb14   0x0800cb14   0x0000001c   Code   RO         5893    i.tcp_seg_free      tcp.o
    0x0800cb30   0x0800cb30   0x00000012   Code   RO         5894    i.tcp_segs_free     tcp.o
    0x0800cb42   0x0800cb42   0x00000072   Code   RO         6229    i.tcp_send_empty_ack  tcp_out.o
    0x0800cbb4   0x0800cbb4   0x00000044   Code   RO         6230    i.tcp_send_fin      tcp_out.o
    0x0800cbf8   0x0800cbf8   0x000000a0   Code   RO         5895    i.tcp_sent          tcp.o
    0x0800cc98   0x0800cc98   0x00000004   Code   RO         5896    i.tcp_setprio       tcp.o
    0x0800cc9c   0x0800cc9c   0x000004d8   Code   RO         5898    i.tcp_slowtmr       tcp.o
    0x0800d174   0x0800d174   0x00000034   Code   RO         6342    i.tcp_timer_needed  timeouts.o
    0x0800d1a8   0x0800d1a8   0x00000068   Code   RO         6142    i.tcp_timewait_input  tcp_in.o
    0x0800d210   0x0800d210   0x00000020   Code   RO         5899    i.tcp_tmr           tcp.o
    0x0800d230   0x0800d230   0x00000010   Code   RO         6143    i.tcp_trigger_input_pcb_close  tcp_in.o
    0x0800d240   0x0800d240   0x000000c0   Code   RO         5901    i.tcp_update_rcv_ann_wnd  tcp.o
    0x0800d300   0x0800d300   0x00000680   Code   RO         6231    i.tcp_write         tcp_out.o
    0x0800d980   0x0800d980   0x00000140   Code   RO         6232    i.tcp_write_checks  tcp_out.o
    0x0800dac0   0x0800dac0   0x000000b4   Code   RO         6233    i.tcp_zero_window_probe  tcp_out.o
    0x0800db74   0x0800db74   0x00000038   Code   RO         6343    i.tcpip_tcp_timer   timeouts.o
    0x0800dbac   0x0800dbac   0x00000002   Code   RO         6418    i.udp_init          udp.o
    0x0800dbae   0x0800dbae   0x00000002   PAD
    0x0800dbb0   0x0800dbb0   0x0000019c   Code   RO         6419    i.udp_input         udp.o
    0x0800dd4c   0x0800dd4c   0x00000034   Code   RO         6420    i.udp_netif_ip_addr_changed  udp.o
    0x0800dd80   0x0800dd80   0x00000008   Data   RO         3584    .constdata          stm32f4xx_hal_dma.o
    0x0800dd88   0x0800dd88   0x00000010   Data   RO         4241    .constdata          system_stm32f4xx.o
    0x0800dd98   0x0800dd98   0x00000008   Data   RO         4242    .constdata          system_stm32f4xx.o
    0x0800dda0   0x0800dda0   0x00000006   Data   RO         4717    .constdata          ethernet.o
    0x0800dda6   0x0800dda6   0x00000006   Data   RO         4718    .constdata          ethernet.o
    0x0800ddac   0x0800ddac   0x0000000c   Data   RO         5372    .constdata          memp.o
    0x0800ddb8   0x0800ddb8   0x0000000c   Data   RO         5373    .constdata          memp.o
    0x0800ddc4   0x0800ddc4   0x0000000c   Data   RO         5374    .constdata          memp.o
    0x0800ddd0   0x0800ddd0   0x0000000c   Data   RO         5375    .constdata          memp.o
    0x0800dddc   0x0800dddc   0x0000000c   Data   RO         5376    .constdata          memp.o
    0x0800dde8   0x0800dde8   0x0000000c   Data   RO         5377    .constdata          memp.o
    0x0800ddf4   0x0800ddf4   0x0000000c   Data   RO         5378    .constdata          memp.o
    0x0800de00   0x0800de00   0x0000000c   Data   RO         5379    .constdata          memp.o
    0x0800de0c   0x0800de0c   0x0000000c   Data   RO         5380    .constdata          memp.o
    0x0800de18   0x0800de18   0x00000024   Data   RO         5381    .constdata          memp.o
    0x0800de3c   0x0800de3c   0x00000054   Data   RO         5902    .constdata          tcp.o
    0x0800de90   0x0800de90   0x00000018   Data   RO         6344    .constdata          timeouts.o
    0x0800dea8   0x0800dea8   0x00000004   Data   RO         6790    .constdata          ip4_addr.o
    0x0800deac   0x0800deac   0x00000075   Data   RO         5903    .conststring        tcp.o
    0x0800df21   0x0800df21   0x00000003   PAD
    0x0800df24   0x0800df24   0x00000055   Data   RO         6234    .conststring        tcp_out.o
    0x0800df79   0x0800df79   0x00000003   PAD
    0x0800df7c   0x0800df7c   0x00000041   Data   RO         6579    .conststring        etharp.o
    0x0800dfbd   0x0800dfbd   0x00000003   PAD
    0x0800dfc0   0x0800dfc0   0x00000020   Data   RO         8080    Region$$Table       anon$$obj.o


    Execution Region RW_IRAM1 (Exec base: 0x20000000, Load base: 0x0800dfe0, Size: 0x00007888, Max: 0x00020000, ABSOLUTE, COMPRESSED[0x0000009c])

    Exec Addr    Load Addr    Size         Type   Attr      Idx    E Section Name        Object

    0x20000000   COMPRESSED   0x00000088   Data   RW           28    .data               main.o
    0x20000088   COMPRESSED   0x00000018   Data   RW          356    .data               lwip.o
    0x200000a0   COMPRESSED   0x0000001c   Data   RW          738    .data               usbd_desc.o
    0x200000bc   COMPRESSED   0x00000032   Data   RW          739    .data               usbd_desc.o
    0x200000ee   COMPRESSED   0x00000002   PAD
    0x200000f0   COMPRESSED   0x00000004   Data   RW         1048    .data               tcp_echoserver.o
    0x200000f4   COMPRESSED   0x0000000c   Data   RW         4011    .data               stm32f4xx_hal.o
    0x20000100   COMPRESSED   0x00000004   Data   RW         4243    .data               system_stm32f4xx.o
    0x20000104   COMPRESSED   0x0000000c   Data   RW         5295    .data               mem.o
    0x20000110   COMPRESSED   0x00000004   Data   RW         5382    .data               memp.o
    0x20000114   COMPRESSED   0x00000004   Data   RW         5383    .data               memp.o
    0x20000118   COMPRESSED   0x00000004   Data   RW         5384    .data               memp.o
    0x2000011c   COMPRESSED   0x00000004   Data   RW         5385    .data               memp.o
    0x20000120   COMPRESSED   0x00000004   Data   RW         5386    .data               memp.o
    0x20000124   COMPRESSED   0x00000004   Data   RW         5387    .data               memp.o
    0x20000128   COMPRESSED   0x00000004   Data   RW         5388    .data               memp.o
    0x2000012c   COMPRESSED   0x00000004   Data   RW         5389    .data               memp.o
    0x20000130   COMPRESSED   0x00000004   Data   RW         5390    .data               memp.o
    0x20000134   COMPRESSED   0x0000000c   Data   RW         5501    .data               netif.o
    0x20000140   COMPRESSED   0x00000001   Data   RW         5640    .data               pbuf.o
    0x20000141   COMPRESSED   0x00000003   PAD
    0x20000144   COMPRESSED   0x00000020   Data   RW         5904    .data               tcp.o
    0x20000164   COMPRESSED   0x00000024   Data   RW         6145    .data               tcp_in.o
    0x20000188   COMPRESSED   0x0000000c   Data   RW         6345    .data               timeouts.o
    0x20000194   COMPRESSED   0x00000008   Data   RW         6429    .data               udp.o
    0x2000019c   COMPRESSED   0x00000001   Data   RW         6580    .data               etharp.o
    0x2000019d   COMPRESSED   0x00000001   PAD
    0x2000019e   COMPRESSED   0x00000002   Data   RW         6735    .data               ip4.o
    0x200001a0   COMPRESSED   0x00000008   Data   RW         6858    .data               ip4_frag.o
    0x200001a8   COMPRESSED   0x00000001   Data   RW         7441    .data               usbd_ctlreq.o
    0x200001a9   COMPRESSED   0x00000003   PAD
    0x200001ac   COMPRESSED   0x00000038   Data   RW         7671    .data               usbd_bulk.o
    0x200001e4   COMPRESSED   0x00000024   Data   RW         7672    .data               usbd_bulk.o
    0x20000208   COMPRESSED   0x00000004   Data   RW         8060    .data               mc_w.l(stdout.o)
    0x2000020c   COMPRESSED   0x00000004   PAD
    0x20000210        -       0x000001e0   Zero   RW           25    .bss                main.o
    0x200003f0        -       0x00000060   Zero   RW           26    .bss                main.o
    0x20000450        -       0x00000060   Zero   RW           27    .bss                main.o
    0x200004b0        -       0x00000030   Zero   RW          355    .bss                lwip.o
    0x200004e0        -       0x000030e8   Zero   RW          422    .bss                ethernetif.o
    0x200035c8        -       0x0000029c   Zero   RW          496    .bss                usb_device.o
    0x20003864        -       0x00000408   Zero   RW          563    .bss                usbd_conf.o
    0x20003c6c        -       0x00000200   Zero   RW          737    .bss                usbd_desc.o
    0x20003e6c        -       0x00000018   Zero   RW         5257    .bss                ip.o
    0x20003e84        -       0x00000653   Zero   RW         5294    .bss                mem.o
    0x200044d7        -       0x00000083   Zero   RW         5363    .bss                memp.o
    0x2000455a        -       0x000002fb   Zero   RW         5364    .bss                memp.o
    0x20004855        -       0x000000e3   Zero   RW         5365    .bss                memp.o
    0x20004938        -       0x00000103   Zero   RW         5366    .bss                memp.o
    0x20004a3b        -       0x000000a3   Zero   RW         5367    .bss                memp.o
    0x20004ade        -       0x0000016b   Zero   RW         5368    .bss                memp.o
    0x20004c49        -       0x00000033   Zero   RW         5369    .bss                memp.o
    0x20004c7c        -       0x00000103   Zero   RW         5370    .bss                memp.o
    0x20004d7f        -       0x00002603   Zero   RW         5371    .bss                memp.o
    0x20007382   COMPRESSED   0x00000002   PAD
    0x20007384        -       0x00000010   Zero   RW         6144    .bss                tcp_in.o
    0x20007394        -       0x000000f0   Zero   RW         6578    .bss                etharp.o
    0x20007484   COMPRESSED   0x00000004   PAD
    0x20007488        -       0x00000400   Zero   RW            1    STACK               startup_stm32f407xx.o


==============================================================================

Image component sizes


      Code (inc. data)   RO Data    RW Data    ZI Data      Debug   Object Name

         0          0          0          0          0       1644   auth.o
         8          0          0          0          0       1162   def.o
      2908       1172         65          1        240      13103   etharp.o
       408        156         12          0          0       2810   ethernet.o
      1002        136          0          0      12520       6554   ethernetif.o
       768        350          0          0          0       4558   icmp.o
        30          0          0          0          0       2556   init.o
         0          0          0          0         24       6077   ip.o
       906        180          0          2          0       5244   ip4.o
        46          0          4          0          0       7118   ip4_addr.o
      2696       1024          0          8          0      11870   ip4_frag.o
       260         22          0         24         48       1995   lwip.o
      2124        194          0        136        672     767317   main.o
      1612        802          0         12       1619       5909   mem.o
       714        498        144         36      11947      10474   memp.o
       470        132          0         12          0      10073   netif.o
      3484       1828          0          1          0      23666   pbuf.o
         0          0          0          0          0       1386   slipif.o
        36          8        392          0       1024        864   startup_stm32f407xx.o
       180         28          0         12          0       4777   stm32f4xx_hal.o
       198         14          0          0          0      34127   stm32f4xx_hal_cortex.o
       948         16          8          0          0       6706   stm32f4xx_hal_dma.o
      1868         72          0          0          0      11575   stm32f4xx_hal_eth.o
       456         44          0          0          0       3165   stm32f4xx_hal_gpio.o
       580         68          0          0          0       4038   stm32f4xx_hal_msp.o
      2406         16          0          0          0      13480   stm32f4xx_hal_pcd.o
        78          0          0          0          0       2521   stm32f4xx_hal_pcd_ex.o
      1272         82          0          0          0       5840   stm32f4xx_hal_rcc.o
      1890         90          0          0          0      18217   stm32f4xx_hal_tim.o
        70          0          0          0          0       2557   stm32f4xx_hal_tim_ex.o
      1852         42          0          0          0      13908   stm32f4xx_hal_uart.o
        92         34          0          0          0       6839   stm32f4xx_it.o
      2502        142          0          0          0      23579   stm32f4xx_ll_usb.o
        84         18         24          4          0       1243   system_stm32f4xx.o
      5608       2336        201         32          0      39852   tcp.o
       702        132          0          4          0      13152   tcp_echoserver.o
      5946       1226          0         36         16      20931   tcp_in.o
      5120       1716         85          0          0      27886   tcp_out.o
       596        222         24         12          0       6139   timeouts.o
       466        122          0          8          0       5199   udp.o
        64         12          0          0        668        824   usb_device.o
       242         36          0         92          0       5888   usbd_bulk.o
       640         18          0          0       1032      15754   usbd_conf.o
       696          0          0          0          0      12849   usbd_core.o
      1186         28          0          1          0       8384   usbd_ctlreq.o
       288        104          0         78        512       6213   usbd_desc.o
       102          0          0          0          0       3980   usbd_ioreq.o

    ----------------------------------------------------------------------
     53676      13120       1000        520      30328    1204003   Object Totals
         0          0         32          0          0          0   (incl. Generated)
        72          0          9          9          6          0   (incl. Padding)

    ----------------------------------------------------------------------

      Code (inc. data)   RO Data    RW Data    ZI Data      Debug   Library Member Name

        86          0          0          0          0          0   __dczerorl2.o
         0          0          0          0          0          0   entry.o
         0          0          0          0          0          0   entry10a.o
         0          0          0          0          0          0   entry11a.o
         8          4          0          0          0          0   entry2.o
         4          0          0          0          0          0   entry5.o
         0          0          0          0          0          0   entry7b.o
         0          0          0          0          0          0   entry8b.o
         8          4          0          0          0          0   entry9a.o
        18          0          0          0          0         80   fputc.o
        30          0          0          0          0          0   handlers.o
        36          8          0          0          0         68   init.o
         0          0          0          0          0          0   iusefp.o
         0          0          0          0          0          0   iusesemip.o
        30          0          0          0          0         68   llshl.o
        36          0          0          0          0         68   llsshr.o
        32          0          0          0          0         68   llushr.o
        26          0          0          0          0         80   memcmp.o
        36          0          0          0          0         68   memcpya.o
        36          0          0          0          0        108   memseta.o
       916         20          0          0          0        504   printf6.o
         0          0          0          0          0          0   semi.o
         0          0          0          4          0          0   stdout.o
        44          0          0          0          0         80   uidiv.o
        98          0          0          0          0         92   uldiv.o
        48          0          0          0          0         68   cdcmple.o
        48          0          0          0          0         68   cdrcmple.o
       334          0          0          0          0        148   dadd.o
       222          0          0          0          0        100   ddiv.o
       186          0          0          0          0        176   depilogue.o
        62          0          0          0          0         80   dfixi.o
        34          0          0          0          0         76   dflti.o
        26          0          0          0          0         76   dfltui.o
       228          0          0          0          0         96   dmul.o

    ----------------------------------------------------------------------
      2636         36          0          4          4       2172   Library Totals
         4          0          0          0          4          0   (incl. Padding)

    ----------------------------------------------------------------------

      Code (inc. data)   RO Data    RW Data    ZI Data      Debug   Library Name

      1444         36          0          4          0       1284   mc_w.l
      1188          0          0          0          0        888   mf_w.l

    ----------------------------------------------------------------------
      2636         36          0          4          4       2172   Library Totals

    ----------------------------------------------------------------------

==============================================================================


      Code (inc. data)   RO Data    RW Data    ZI Data      Debug   

     56312      13156       1000        524      30332    1167163   Grand Totals
     56312      13156       1000        156      30332    1167163   ELF Image Totals (compressed)
     56312      13156       1000        156          0          0   ROM Totals

==============================================================================

    Total RO  Size (Code + RO Data)                57312 (  55.97kB)
    Total RW  Size (RW Data + ZI Data)             30856 (  30.13kB)
    Total ROM Size (Code + RO Data + RW Data)      57468 (  56.12kB)

==============================================================================

